{
  "free_dynamic_splats": null,
  "meta": {
    "baseline_config": "/Users/nicholasbardy/git/gsplats_browser/dynaworld/src/train_configs/local_mac_multicam_deepview_3cam_train2_test1_vjepa_full_relpose_features_F32_256_16f_8192splats_goodset_train0006_0014_holdout0005_alphaab_alpha1_128.jsonc",
    "device": "mps",
    "heldout_cameras": [
      "camera_0005"
    ],
    "heldout_lens_models": [
      "opencv_fisheye"
    ],
    "max_frames": 16,
    "pose_source": "deepview_models_relative_opencv_fisheye",
    "reference_vjepa_f32_256_16f_alpha1_128": {
      "heldout_eval_psnr": 13.6248,
      "source": "dynaworld/BASELINES.md",
      "train_psnr": 19.4875,
      "wall_clock": "18m00s train loop; 18m22s W&B runtime"
    },
    "seed": 0,
    "skip_splats": true,
    "splat_camera_projection": "legacy_pinhole",
    "target_size": 512,
    "train_cameras": [
      "camera_0006",
      "camera_0014"
    ],
    "train_lens_models": [
      "opencv_fisheye",
      "opencv_fisheye"
    ],
    "train_seconds": 999.0,
    "uvt_camera_projection": "dataset_lens"
  },
  "star_uvt": {
    "camera_projection": "dataset_lens",
    "checkpoint_curve": {
      "best_by_heldout_psnr": {
        "elapsed_s": 48.638493249998646,
        "eval_heldout_render_only_elapsed_s": 0.07016079200002423,
        "eval_l1": 0.12086398154497147,
        "eval_psnr": 16.0900239944458,
        "eval_render_only_elapsed_s": 0.20180937499753782,
        "heldout_eval_l1": 0.15723523497581482,
        "heldout_eval_psnr": 13.639025688171387,
        "step": 600,
        "train_dev_frame_eval_l1": null,
        "train_dev_frame_eval_psnr": null,
        "train_fit_frame_eval_l1": null,
        "train_fit_frame_eval_psnr": null,
        "train_min_view_eval_psnr": 15.22355842590332,
        "train_view_eval_l1": [
          0.11401547491550446,
          0.12771248817443848
        ],
        "train_view_eval_psnr": [
          16.95648956298828,
          15.22355842590332
        ],
        "train_view_eval_psnr_gap": 1.732931137084961
      },
      "best_by_min_train_view_psnr": {
        "elapsed_s": 48.638493249998646,
        "eval_heldout_render_only_elapsed_s": 0.07016079200002423,
        "eval_l1": 0.12086398154497147,
        "eval_psnr": 16.0900239944458,
        "eval_render_only_elapsed_s": 0.20180937499753782,
        "heldout_eval_l1": 0.15723523497581482,
        "heldout_eval_psnr": 13.639025688171387,
        "step": 600,
        "train_dev_frame_eval_l1": null,
        "train_dev_frame_eval_psnr": null,
        "train_fit_frame_eval_l1": null,
        "train_fit_frame_eval_psnr": null,
        "train_min_view_eval_psnr": 15.22355842590332,
        "train_view_eval_l1": [
          0.11401547491550446,
          0.12771248817443848
        ],
        "train_view_eval_psnr": [
          16.95648956298828,
          15.22355842590332
        ],
        "train_view_eval_psnr_gap": 1.732931137084961
      },
      "best_by_train_dev_frame_psnr": null,
      "best_by_train_psnr": {
        "elapsed_s": 48.638493249998646,
        "eval_heldout_render_only_elapsed_s": 0.07016079200002423,
        "eval_l1": 0.12086398154497147,
        "eval_psnr": 16.0900239944458,
        "eval_render_only_elapsed_s": 0.20180937499753782,
        "heldout_eval_l1": 0.15723523497581482,
        "heldout_eval_psnr": 13.639025688171387,
        "step": 600,
        "train_dev_frame_eval_l1": null,
        "train_dev_frame_eval_psnr": null,
        "train_fit_frame_eval_l1": null,
        "train_fit_frame_eval_psnr": null,
        "train_min_view_eval_psnr": 15.22355842590332,
        "train_view_eval_l1": [
          0.11401547491550446,
          0.12771248817443848
        ],
        "train_view_eval_psnr": [
          16.95648956298828,
          15.22355842590332
        ],
        "train_view_eval_psnr_gap": 1.732931137084961
      },
      "rows": [
        {
          "elapsed_s": 6.3637056249990565,
          "eval_heldout_render_only_elapsed_s": 0.05326658299964038,
          "eval_l1": 0.23917776346206665,
          "eval_psnr": 10.162025451660156,
          "eval_render_only_elapsed_s": 0.16628958200089983,
          "heldout_eval_l1": 0.245505690574646,
          "heldout_eval_psnr": 10.064485549926758,
          "step": 100,
          "train_dev_frame_eval_l1": null,
          "train_dev_frame_eval_psnr": null,
          "train_fit_frame_eval_l1": null,
          "train_fit_frame_eval_psnr": null,
          "train_min_view_eval_psnr": 9.650355339050293,
          "train_view_eval_l1": [
            0.23522603511810303,
            0.24312949180603027
          ],
          "train_view_eval_psnr": [
            10.67369556427002,
            9.650355339050293
          ],
          "train_view_eval_psnr_gap": 1.0233402252197266
        },
        {
          "elapsed_s": 15.040692874999877,
          "eval_heldout_render_only_elapsed_s": 0.06011729199963156,
          "eval_l1": 0.16043665260076523,
          "eval_psnr": 13.191593647003174,
          "eval_render_only_elapsed_s": 0.1960862099986116,
          "heldout_eval_l1": 0.17382922768592834,
          "heldout_eval_psnr": 12.452031135559082,
          "step": 200,
          "train_dev_frame_eval_l1": null,
          "train_dev_frame_eval_psnr": null,
          "train_fit_frame_eval_l1": null,
          "train_fit_frame_eval_psnr": null,
          "train_min_view_eval_psnr": 12.025901794433594,
          "train_view_eval_l1": [
            0.14337514340877533,
            0.17749816179275513
          ],
          "train_view_eval_psnr": [
            14.357285499572754,
            12.025901794433594
          ],
          "train_view_eval_psnr_gap": 2.33138370513916
        },
        {
          "elapsed_s": 24.446169166998516,
          "eval_heldout_render_only_elapsed_s": 0.060154666998641915,
          "eval_l1": 0.14125677198171616,
          "eval_psnr": 14.540080547332764,
          "eval_render_only_elapsed_s": 0.1835650840002927,
          "heldout_eval_l1": 0.1598157286643982,
          "heldout_eval_psnr": 13.301911354064941,
          "step": 300,
          "train_dev_frame_eval_l1": null,
          "train_dev_frame_eval_psnr": null,
          "train_fit_frame_eval_l1": null,
          "train_fit_frame_eval_psnr": null,
          "train_min_view_eval_psnr": 13.669209480285645,
          "train_view_eval_l1": [
            0.13148200511932373,
            0.15103153884410858
          ],
          "train_view_eval_psnr": [
            15.410951614379883,
            13.669209480285645
          ],
          "train_view_eval_psnr_gap": 1.7417421340942383
        },
        {
          "elapsed_s": 32.014965624999604,
          "eval_heldout_render_only_elapsed_s": 0.06832795800073654,
          "eval_l1": 0.12705867365002632,
          "eval_psnr": 15.496343612670898,
          "eval_render_only_elapsed_s": 0.18609220799953619,
          "heldout_eval_l1": 0.16967640817165375,
          "heldout_eval_psnr": 13.418646812438965,
          "step": 400,
          "train_dev_frame_eval_l1": null,
          "train_dev_frame_eval_psnr": null,
          "train_fit_frame_eval_l1": null,
          "train_fit_frame_eval_psnr": null,
          "train_min_view_eval_psnr": 14.493486404418945,
          "train_view_eval_l1": [
            0.11423643678426743,
            0.13988091051578522
          ],
          "train_view_eval_psnr": [
            16.49920082092285,
            14.493486404418945
          ],
          "train_view_eval_psnr_gap": 2.0057144165039062
        },
        {
          "elapsed_s": 39.95725624999977,
          "eval_heldout_render_only_elapsed_s": 0.06406774999959453,
          "eval_l1": 0.12754666805267334,
          "eval_psnr": 15.690279960632324,
          "eval_render_only_elapsed_s": 0.18920329199863772,
          "heldout_eval_l1": 0.15869387984275818,
          "heldout_eval_psnr": 13.506765365600586,
          "step": 500,
          "train_dev_frame_eval_l1": null,
          "train_dev_frame_eval_psnr": null,
          "train_fit_frame_eval_l1": null,
          "train_fit_frame_eval_psnr": null,
          "train_min_view_eval_psnr": 14.492353439331055,
          "train_view_eval_l1": [
            0.11502981185913086,
            0.14006352424621582
          ],
          "train_view_eval_psnr": [
            16.888206481933594,
            14.492353439331055
          ],
          "train_view_eval_psnr_gap": 2.395853042602539
        },
        {
          "elapsed_s": 48.638493249998646,
          "eval_heldout_render_only_elapsed_s": 0.07016079200002423,
          "eval_l1": 0.12086398154497147,
          "eval_psnr": 16.0900239944458,
          "eval_render_only_elapsed_s": 0.20180937499753782,
          "heldout_eval_l1": 0.15723523497581482,
          "heldout_eval_psnr": 13.639025688171387,
          "step": 600,
          "train_dev_frame_eval_l1": null,
          "train_dev_frame_eval_psnr": null,
          "train_fit_frame_eval_l1": null,
          "train_fit_frame_eval_psnr": null,
          "train_min_view_eval_psnr": 15.22355842590332,
          "train_view_eval_l1": [
            0.11401547491550446,
            0.12771248817443848
          ],
          "train_view_eval_psnr": [
            16.95648956298828,
            15.22355842590332
          ],
          "train_view_eval_psnr_gap": 1.732931137084961
        }
      ]
    },
    "checkpoint_every_steps": 100,
    "crop_loss_size": 128,
    "crop_loss_weight": 0.0,
    "depth_margin": 0.05,
    "depth_margin_reg": 0.0,
    "depth_slope_reg": 0.05,
    "depth_velocity_reg": 0.0,
    "init_frames": "all",
    "init_lambda_t": 0.35,
    "init_opacity": 0.35,
    "init_precision_xy": 30.0,
    "init_sampling": "grid",
    "init_views": "all_train",
    "logs": [
      {
        "crop_loss": 0.0,
        "crop_term": 0.0,
        "depth_margin_proxy": 0.9941421151161194,
        "depth_slope_proxy": 0.0,
        "elapsed_s": 0.3273379999991448,
        "grad_norm": 0.011525308713316917,
        "loss": 0.35069307684898376,
        "lr": 0.01,
        "model_reg": 2.954450792458374e-06,
        "multiscale_loss": 0.0,
        "multiscale_term": 0.0,
        "projected_reg": 0.0,
        "recon_loss": 0.3506901264190674,
        "sequence_consistency_loss": 0.0,
        "sequence_consistency_term": 0.0,
        "step": 1,
        "tile_load_proxy": 2045.262451171875
      },
      {
        "crop_loss": 0.0,
        "crop_term": 0.0,
        "depth_margin_proxy": 0.7666006088256836,
        "depth_slope_proxy": 0.0,
        "elapsed_s": 0.7570683750000171,
        "grad_norm": 0.013327809050679207,
        "loss": 0.3423393666744232,
        "lr": 0.01,
        "model_reg": 3.0674420941068092e-06,
        "multiscale_loss": 0.0,
        "multiscale_term": 0.0,
        "projected_reg": 0.0,
        "recon_loss": 0.3423362970352173,
        "sequence_consistency_loss": 0.0,
        "sequence_consistency_term": 0.0,
        "step": 10,
        "tile_load_proxy": 2572.39404296875
      },
      {
        "crop_loss": 0.0,
        "crop_term": 0.0,
        "depth_margin_proxy": 0.612586498260498,
        "depth_slope_proxy": 0.0,
        "elapsed_s": 1.26400349999858,
        "grad_norm": 0.014957966282963753,
        "loss": 0.332758367061615,
        "lr": 0.01,
        "model_reg": 3.461704636720242e-06,
        "multiscale_loss": 0.0,
        "multiscale_term": 0.0,
        "projected_reg": 0.0,
        "recon_loss": 0.332754909992218,
        "sequence_consistency_loss": 0.0,
        "sequence_consistency_term": 0.0,
        "step": 20,
        "tile_load_proxy": 4163.82421875
      },
      {
        "crop_loss": 0.0,
        "crop_term": 0.0,
        "depth_margin_proxy": 0.5171706676483154,
        "depth_slope_proxy": 0.0,
        "elapsed_s": 1.7386335419996612,
        "grad_norm": 0.014394622296094894,
        "loss": 0.31332433223724365,
        "lr": 0.01,
        "model_reg": 3.978724180342397e-06,
        "multiscale_loss": 0.0,
        "multiscale_term": 0.0,
        "projected_reg": 0.0,
        "recon_loss": 0.3133203387260437,
        "sequence_consistency_loss": 0.0,
        "sequence_consistency_term": 0.0,
        "step": 30,
        "tile_load_proxy": 6381.6513671875
      },
      {
        "crop_loss": 0.0,
        "crop_term": 0.0,
        "depth_margin_proxy": 0.44805118441581726,
        "depth_slope_proxy": 0.0,
        "elapsed_s": 2.2795996249988093,
        "grad_norm": 0.016048846766352654,
        "loss": 0.3042565882205963,
        "lr": 0.01,
        "model_reg": 4.41031488662702e-06,
        "multiscale_loss": 0.0,
        "multiscale_term": 0.0,
        "projected_reg": 6.594327714992687e-05,
        "recon_loss": 0.30418622493743896,
        "sequence_consistency_loss": 0.0,
        "sequence_consistency_term": 0.0,
        "step": 40,
        "tile_load_proxy": 8797.5595703125
      },
      {
        "crop_loss": 0.0,
        "crop_term": 0.0,
        "depth_margin_proxy": 0.421036034822464,
        "depth_slope_proxy": 0.0,
        "elapsed_s": 2.8907061669997347,
        "grad_norm": 0.018264800310134888,
        "loss": 0.3018498718738556,
        "lr": 0.01,
        "model_reg": 4.6191516958060674e-06,
        "multiscale_loss": 0.0,
        "multiscale_term": 0.0,
        "projected_reg": 0.0003173373406752944,
        "recon_loss": 0.3015279173851013,
        "sequence_consistency_loss": 0.0,
        "sequence_consistency_term": 0.0,
        "step": 50,
        "tile_load_proxy": 10943.2890625
      },
      {
        "crop_loss": 0.0,
        "crop_term": 0.0,
        "depth_margin_proxy": 0.3823546767234802,
        "depth_slope_proxy": 0.0,
        "elapsed_s": 3.5045244169996295,
        "grad_norm": 0.02121538110077381,
        "loss": 0.2904687225818634,
        "lr": 0.01,
        "model_reg": 4.569941211229889e-06,
        "multiscale_loss": 0.0,
        "multiscale_term": 0.0,
        "projected_reg": 0.0005164877511560917,
        "recon_loss": 0.2899476885795593,
        "sequence_consistency_loss": 0.0,
        "sequence_consistency_term": 0.0,
        "step": 60,
        "tile_load_proxy": 12030.6953125
      },
      {
        "crop_loss": 0.0,
        "crop_term": 0.0,
        "depth_margin_proxy": 0.3622623085975647,
        "depth_slope_proxy": 0.0,
        "elapsed_s": 4.134298166998633,
        "grad_norm": 0.035388119518756866,
        "loss": 0.2717178165912628,
        "lr": 0.01,
        "model_reg": 4.399387307785219e-06,
        "multiscale_loss": 0.0,
        "multiscale_term": 0.0,
        "projected_reg": 0.0007955852197483182,
        "recon_loss": 0.2709178328514099,
        "sequence_consistency_loss": 0.0,
        "sequence_consistency_term": 0.0,
        "step": 70,
        "tile_load_proxy": 13243.6904296875
      },
      {
        "crop_loss": 0.0,
        "crop_term": 0.0,
        "depth_margin_proxy": 0.3654952347278595,
        "depth_slope_proxy": 0.0,
        "elapsed_s": 4.830411458999151,
        "grad_norm": 0.02641959674656391,
        "loss": 0.26991912722587585,
        "lr": 0.01,
        "model_reg": 4.241664555593161e-06,
        "multiscale_loss": 0.0,
        "multiscale_term": 0.0,
        "projected_reg": 0.0009008856723085046,
        "recon_loss": 0.26901400089263916,
        "sequence_consistency_loss": 0.0,
        "sequence_consistency_term": 0.0,
        "step": 80,
        "tile_load_proxy": 13644.0498046875
      },
      {
        "crop_loss": 0.0,
        "crop_term": 0.0,
        "depth_margin_proxy": 0.3177863657474518,
        "depth_slope_proxy": 0.0,
        "elapsed_s": 5.630295208999087,
        "grad_norm": 0.03465563431382179,
        "loss": 0.29001614451408386,
        "lr": 0.01,
        "model_reg": 4.05798800784396e-06,
        "multiscale_loss": 0.0,
        "multiscale_term": 0.0,
        "projected_reg": 0.001325527555309236,
        "recon_loss": 0.2886865735054016,
        "sequence_consistency_loss": 0.0,
        "sequence_consistency_term": 0.0,
        "step": 90,
        "tile_load_proxy": 15059.208984375
      },
      {
        "crop_loss": 0.0,
        "crop_term": 0.0,
        "depth_margin_proxy": 0.3144318461418152,
        "depth_slope_proxy": 0.0,
        "elapsed_s": 6.3637056249990565,
        "grad_norm": 0.04589036852121353,
        "loss": 0.22632254660129547,
        "lr": 0.01,
        "model_reg": 3.905222911271267e-06,
        "multiscale_loss": 0.0,
        "multiscale_term": 0.0,
        "projected_reg": 0.00181341462302953,
        "recon_loss": 0.2245052307844162,
        "sequence_consistency_loss": 0.0,
        "sequence_consistency_term": 0.0,
        "step": 100,
        "tile_load_proxy": 16426.416015625
      },
      {
        "crop_loss": 0.0,
        "crop_term": 0.0,
        "depth_margin_proxy": 0.3061683177947998,
        "depth_slope_proxy": 0.0,
        "elapsed_s": 7.228807874998893,
        "grad_norm": 0.03615346550941467,
        "loss": 0.26969143748283386,
        "lr": 0.01,
        "model_reg": 3.766072950384114e-06,
        "multiscale_loss": 0.0,
        "multiscale_term": 0.0,
        "projected_reg": 0.0020153808873146772,
        "recon_loss": 0.2676723003387451,
        "sequence_consistency_loss": 0.0,
        "sequence_consistency_term": 0.0,
        "step": 110,
        "tile_load_proxy": 16937.48828125
      },
      {
        "crop_loss": 0.0,
        "crop_term": 0.0,
        "depth_margin_proxy": 0.26802679896354675,
        "depth_slope_proxy": 0.0,
        "elapsed_s": 8.191240583999388,
        "grad_norm": 0.06070241704583168,
        "loss": 0.22184500098228455,
        "lr": 0.01,
        "model_reg": 3.599134743126342e-06,
        "multiscale_loss": 0.0,
        "multiscale_term": 0.0,
        "projected_reg": 0.0022476620506495237,
        "recon_loss": 0.21959373354911804,
        "sequence_consistency_loss": 0.0,
        "sequence_consistency_term": 0.0,
        "step": 120,
        "tile_load_proxy": 17494.54296875
      },
      {
        "crop_loss": 0.0,
        "crop_term": 0.0,
        "depth_margin_proxy": 0.24071964621543884,
        "depth_slope_proxy": 0.0,
        "elapsed_s": 8.993434833999345,
        "grad_norm": 0.06446570158004761,
        "loss": 0.25430670380592346,
        "lr": 0.01,
        "model_reg": 3.4833192330552265e-06,
        "multiscale_loss": 0.0,
        "multiscale_term": 0.0,
        "projected_reg": 0.0028624816332012415,
        "recon_loss": 0.25144073367118835,
        "sequence_consistency_loss": 0.0,
        "sequence_consistency_term": 0.0,
        "step": 130,
        "tile_load_proxy": 18843.208984375
      },
      {
        "crop_loss": 0.0,
        "crop_term": 0.0,
        "depth_margin_proxy": 0.2509823143482208,
        "depth_slope_proxy": 0.0,
        "elapsed_s": 9.85198941699855,
        "grad_norm": 0.08376660943031311,
        "loss": 0.2134488970041275,
        "lr": 0.01,
        "model_reg": 3.3672783956717467e-06,
        "multiscale_loss": 0.0,
        "multiscale_term": 0.0,
        "projected_reg": 0.0032121543772518635,
        "recon_loss": 0.21023337543010712,
        "sequence_consistency_loss": 0.0,
        "sequence_consistency_term": 0.0,
        "step": 140,
        "tile_load_proxy": 19545.73828125
      },
      {
        "crop_loss": 0.0,
        "crop_term": 0.0,
        "depth_margin_proxy": 0.2625652551651001,
        "depth_slope_proxy": 0.0,
        "elapsed_s": 10.7549377919986,
        "grad_norm": 0.08332373946905136,
        "loss": 0.21615511178970337,
        "lr": 0.01,
        "model_reg": 3.2726120480219834e-06,
        "multiscale_loss": 0.0,
        "multiscale_term": 0.0,
        "projected_reg": 0.003185533918440342,
        "recon_loss": 0.21296629309654236,
        "sequence_consistency_loss": 0.0,
        "sequence_consistency_term": 0.0,
        "step": 150,
        "tile_load_proxy": 19493.64453125
      },
      {
        "crop_loss": 0.0,
        "crop_term": 0.0,
        "depth_margin_proxy": 0.23476004600524902,
        "depth_slope_proxy": 0.0,
        "elapsed_s": 11.575670209000236,
        "grad_norm": 0.08124936372041702,
        "loss": 0.18629759550094604,
        "lr": 0.01,
        "model_reg": 3.226768512831768e-06,
        "multiscale_loss": 0.0,
        "multiscale_term": 0.0,
        "projected_reg": 0.004920640494674444,
        "recon_loss": 0.1813737154006958,
        "sequence_consistency_loss": 0.0,
        "sequence_consistency_term": 0.0,
        "step": 160,
        "tile_load_proxy": 22527.76171875
      },
      {
        "crop_loss": 0.0,
        "crop_term": 0.0,
        "depth_margin_proxy": 0.23137004673480988,
        "depth_slope_proxy": 0.0,
        "elapsed_s": 12.419143958999484,
        "grad_norm": 0.12207335233688354,
        "loss": 0.21029791235923767,
        "lr": 0.01,
        "model_reg": 3.142889909213409e-06,
        "multiscale_loss": 0.0,
        "multiscale_term": 0.0,
        "projected_reg": 0.0035927954595535994,
        "recon_loss": 0.20670197904109955,
        "sequence_consistency_loss": 0.0,
        "sequence_consistency_term": 0.0,
        "step": 170,
        "tile_load_proxy": 20268.26953125
      },
      {
        "crop_loss": 0.0,
        "crop_term": 0.0,
        "depth_margin_proxy": 0.17839309573173523,
        "depth_slope_proxy": 0.0,
        "elapsed_s": 13.24984216699886,
        "grad_norm": 0.11888111382722855,
        "loss": 0.17868728935718536,
        "lr": 0.01,
        "model_reg": 2.995938757521799e-06,
        "multiscale_loss": 0.0,
        "multiscale_term": 0.0,
        "projected_reg": 0.0022906933445483446,
        "recon_loss": 0.17639359831809998,
        "sequence_consistency_loss": 0.0,
        "sequence_consistency_term": 0.0,
        "step": 180,
        "tile_load_proxy": 17594.525390625
      },
      {
        "crop_loss": 0.0,
        "crop_term": 0.0,
        "depth_margin_proxy": 0.13157214224338531,
        "depth_slope_proxy": 0.0,
        "elapsed_s": 14.137335999999777,
        "grad_norm": 0.08991626650094986,
        "loss": 0.15400773286819458,
        "lr": 0.01,
        "model_reg": 2.9333164093259256e-06,
        "multiscale_loss": 0.0,
        "multiscale_term": 0.0,
        "projected_reg": 0.004746260121464729,
        "recon_loss": 0.1492585390806198,
        "sequence_consistency_loss": 0.0,
        "sequence_consistency_term": 0.0,
        "step": 190,
        "tile_load_proxy": 22250.138671875
      },
      {
        "crop_loss": 0.0,
        "crop_term": 0.0,
        "depth_margin_proxy": 0.17530076205730438,
        "depth_slope_proxy": 0.0,
        "elapsed_s": 15.040692874999877,
        "grad_norm": 0.10103190690279007,
        "loss": 0.160726860165596,
        "lr": 0.01,
        "model_reg": 2.93182324639929e-06,
        "multiscale_loss": 0.0,
        "multiscale_term": 0.0,
        "projected_reg": 0.00586113054305315,
        "recon_loss": 0.15486279129981995,
        "sequence_consistency_loss": 0.0,
        "sequence_consistency_term": 0.0,
        "step": 200,
        "tile_load_proxy": 23946.83984375
      },
      {
        "crop_loss": 0.0,
        "crop_term": 0.0,
        "depth_margin_proxy": 0.2067844122648239,
        "depth_slope_proxy": 0.0,
        "elapsed_s": 15.967392749998908,
        "grad_norm": 0.1062508076429367,
        "loss": 0.18345727026462555,
        "lr": 0.01,
        "model_reg": 2.8798469884350197e-06,
        "multiscale_loss": 0.0,
        "multiscale_term": 0.0,
        "projected_reg": 0.0022733353544026613,
        "recon_loss": 0.18118105828762054,
        "sequence_consistency_loss": 0.0,
        "sequence_consistency_term": 0.0,
        "step": 210,
        "tile_load_proxy": 17554.30859375
      },
      {
        "crop_loss": 0.0,
        "crop_term": 0.0,
        "depth_margin_proxy": 0.16248753666877747,
        "depth_slope_proxy": 0.0,
        "elapsed_s": 16.954884374999892,
        "grad_norm": 0.10085459053516388,
        "loss": 0.1528978943824768,
        "lr": 0.01,
        "model_reg": 2.8143360850663157e-06,
        "multiscale_loss": 0.0,
        "multiscale_term": 0.0,
        "projected_reg": 0.004787379410117865,
        "recon_loss": 0.14810769259929657,
        "sequence_consistency_loss": 0.0,
        "sequence_consistency_term": 0.0,
        "step": 220,
        "tile_load_proxy": 22316.056640625
      },
      {
        "crop_loss": 0.0,
        "crop_term": 0.0,
        "depth_margin_proxy": 0.14022137224674225,
        "depth_slope_proxy": 0.0,
        "elapsed_s": 17.897520208998685,
        "grad_norm": 0.07878860086202621,
        "loss": 0.1397932916879654,
        "lr": 0.01,
        "model_reg": 2.758428081506281e-06,
        "multiscale_loss": 0.0,
        "multiscale_term": 0.0,
        "projected_reg": 0.003960160072892904,
        "recon_loss": 0.1358303725719452,
        "sequence_consistency_loss": 0.0,
        "sequence_consistency_term": 0.0,
        "step": 230,
        "tile_load_proxy": 20930.10546875
      },
      {
        "crop_loss": 0.0,
        "crop_term": 0.0,
        "depth_margin_proxy": 0.1286025494337082,
        "depth_slope_proxy": 0.0,
        "elapsed_s": 18.90453204199912,
        "grad_norm": 0.07880526036024094,
        "loss": 0.14313006401062012,
        "lr": 0.01,
        "model_reg": 2.7491287255543284e-06,
        "multiscale_loss": 0.0,
        "multiscale_term": 0.0,
        "projected_reg": 0.0046981750056147575,
        "recon_loss": 0.13842914998531342,
        "sequence_consistency_loss": 0.0,
        "sequence_consistency_term": 0.0,
        "step": 240,
        "tile_load_proxy": 22172.69140625
      },
      {
        "crop_loss": 0.0,
        "crop_term": 0.0,
        "depth_margin_proxy": 0.15699416399002075,
        "depth_slope_proxy": 0.0,
        "elapsed_s": 19.860753334000037,
        "grad_norm": 0.12284920364618301,
        "loss": 0.1594051867723465,
        "lr": 0.01,
        "model_reg": 2.7074775061919354e-06,
        "multiscale_loss": 0.0,
        "multiscale_term": 0.0,
        "projected_reg": 0.0023773768916726112,
        "recon_loss": 0.15702509880065918,
        "sequence_consistency_loss": 0.0,
        "sequence_consistency_term": 0.0,
        "step": 250,
        "tile_load_proxy": 17793.12109375
      },
      {
        "crop_loss": 0.0,
        "crop_term": 0.0,
        "depth_margin_proxy": 0.14436034858226776,
        "depth_slope_proxy": 0.0,
        "elapsed_s": 20.78496395899856,
        "grad_norm": 0.1751069724559784,
        "loss": 0.18129000067710876,
        "lr": 0.01,
        "model_reg": 2.6747281935968203e-06,
        "multiscale_loss": 0.0,
        "multiscale_term": 0.0,
        "projected_reg": 0.00204055686481297,
        "recon_loss": 0.17924678325653076,
        "sequence_consistency_loss": 0.0,
        "sequence_consistency_term": 0.0,
        "step": 260,
        "tile_load_proxy": 16999.36328125
      },
      {
        "crop_loss": 0.0,
        "crop_term": 0.0,
        "depth_margin_proxy": 0.16193951666355133,
        "depth_slope_proxy": 0.0,
        "elapsed_s": 21.687614583999675,
        "grad_norm": 0.08162998408079147,
        "loss": 0.1377689242362976,
        "lr": 0.01,
        "model_reg": 2.6495692964090267e-06,
        "multiscale_loss": 0.0,
        "multiscale_term": 0.0,
        "projected_reg": 0.0037530395202338696,
        "recon_loss": 0.13401323556900024,
        "sequence_consistency_loss": 0.0,
        "sequence_consistency_term": 0.0,
        "step": 270,
        "tile_load_proxy": 20560.93359375
      },
      {
        "crop_loss": 0.0,
        "crop_term": 0.0,
        "depth_margin_proxy": 0.12525257468223572,
        "depth_slope_proxy": 0.0,
        "elapsed_s": 22.668017500000133,
        "grad_norm": 0.07272106409072876,
        "loss": 0.13109080493450165,
        "lr": 0.01,
        "model_reg": 2.6090187930094544e-06,
        "multiscale_loss": 0.0,
        "multiscale_term": 0.0,
        "projected_reg": 0.00384703790768981,
        "recon_loss": 0.12724116444587708,
        "sequence_consistency_loss": 0.0,
        "sequence_consistency_term": 0.0,
        "step": 280,
        "tile_load_proxy": 20729.70703125
      },
      {
        "crop_loss": 0.0,
        "crop_term": 0.0,
        "depth_margin_proxy": 0.1002342477440834,
        "depth_slope_proxy": 0.0,
        "elapsed_s": 23.56002924999848,
        "grad_norm": 0.07145700603723526,
        "loss": 0.12527699768543243,
        "lr": 0.01,
        "model_reg": 2.593178578536026e-06,
        "multiscale_loss": 0.0,
        "multiscale_term": 0.0,
        "projected_reg": 0.004008496180176735,
        "recon_loss": 0.12126590311527252,
        "sequence_consistency_loss": 0.0,
        "sequence_consistency_term": 0.0,
        "step": 290,
        "tile_load_proxy": 21014.859375
      },
      {
        "crop_loss": 0.0,
        "crop_term": 0.0,
        "depth_margin_proxy": 0.10529328137636185,
        "depth_slope_proxy": 0.0,
        "elapsed_s": 24.446169166998516,
        "grad_norm": 0.15057078003883362,
        "loss": 0.1444082260131836,
        "lr": 0.01,
        "model_reg": 2.57634428635356e-06,
        "multiscale_loss": 0.0,
        "multiscale_term": 0.0,
        "projected_reg": 0.002338722348213196,
        "recon_loss": 0.14206692576408386,
        "sequence_consistency_loss": 0.0,
        "sequence_consistency_term": 0.0,
        "step": 300,
        "tile_load_proxy": 17705.017578125
      },
      {
        "crop_loss": 0.0,
        "crop_term": 0.0,
        "depth_margin_proxy": 0.11743304133415222,
        "depth_slope_proxy": 0.0,
        "elapsed_s": 25.310228374999497,
        "grad_norm": 0.07563000917434692,
        "loss": 0.1314014345407486,
        "lr": 0.01,
        "model_reg": 2.5572217055014335e-06,
        "multiscale_loss": 0.0,
        "multiscale_term": 0.0,
        "projected_reg": 0.0030596160795539618,
        "recon_loss": 0.1283392608165741,
        "sequence_consistency_loss": 0.0,
        "sequence_consistency_term": 0.0,
        "step": 310,
        "tile_load_proxy": 19244.23046875
      },
      {
        "crop_loss": 0.0,
        "crop_term": 0.0,
        "depth_margin_proxy": 0.10747282952070236,
        "depth_slope_proxy": 0.0,
        "elapsed_s": 26.048698791999414,
        "grad_norm": 0.09439106285572052,
        "loss": 0.12626273930072784,
        "lr": 0.01,
        "model_reg": 2.527750211811508e-06,
        "multiscale_loss": 0.0,
        "multiscale_term": 0.0,
        "projected_reg": 0.0027332298923283815,
        "recon_loss": 0.12352699041366577,
        "sequence_consistency_loss": 0.0,
        "sequence_consistency_term": 0.0,
        "step": 320,
        "tile_load_proxy": 18572.73828125
      },
      {
        "crop_loss": 0.0,
        "crop_term": 0.0,
        "depth_margin_proxy": 0.08344817161560059,
        "depth_slope_proxy": 0.0,
        "elapsed_s": 26.767694958998618,
        "grad_norm": 0.18367210030555725,
        "loss": 0.13284927606582642,
        "lr": 0.01,
        "model_reg": 2.5122269562416477e-06,
        "multiscale_loss": 0.0,
        "multiscale_term": 0.0,
        "projected_reg": 0.0015399918192997575,
        "recon_loss": 0.13130676746368408,
        "sequence_consistency_loss": 0.0,
        "sequence_consistency_term": 0.0,
        "step": 330,
        "tile_load_proxy": 15686.748046875
      },
      {
        "crop_loss": 0.0,
        "crop_term": 0.0,
        "depth_margin_proxy": 0.11284636706113815,
        "depth_slope_proxy": 0.0,
        "elapsed_s": 27.497328958999788,
        "grad_norm": 0.07132024317979813,
        "loss": 0.12329796701669693,
        "lr": 0.01,
        "model_reg": 2.499925585652818e-06,
        "multiscale_loss": 0.0,
        "multiscale_term": 0.0,
        "projected_reg": 0.0027092150412499905,
        "recon_loss": 0.12058624625205994,
        "sequence_consistency_loss": 0.0,
        "sequence_consistency_term": 0.0,
        "step": 340,
        "tile_load_proxy": 18521.78515625
      },
      {
        "crop_loss": 0.0,
        "crop_term": 0.0,
        "depth_margin_proxy": 0.13588494062423706,
        "depth_slope_proxy": 0.0,
        "elapsed_s": 28.249164791999647,
        "grad_norm": 0.0726502314209938,
        "loss": 0.12888973951339722,
        "lr": 0.01,
        "model_reg": 2.479128397681052e-06,
        "multiscale_loss": 0.0,
        "multiscale_term": 0.0,
        "projected_reg": 0.00251597142778337,
        "recon_loss": 0.12637129426002502,
        "sequence_consistency_loss": 0.0,
        "sequence_consistency_term": 0.0,
        "step": 350,
        "tile_load_proxy": 18103.26953125
      },
      {
        "crop_loss": 0.0,
        "crop_term": 0.0,
        "depth_margin_proxy": 0.14201222360134125,
        "depth_slope_proxy": 0.0,
        "elapsed_s": 29.00553470900013,
        "grad_norm": 0.22269147634506226,
        "loss": 0.13237318396568298,
        "lr": 0.01,
        "model_reg": 2.47175057666027e-06,
        "multiscale_loss": 0.0,
        "multiscale_term": 0.0,
        "projected_reg": 0.0030339888762682676,
        "recon_loss": 0.12933671474456787,
        "sequence_consistency_loss": 0.0,
        "sequence_consistency_term": 0.0,
        "step": 360,
        "tile_load_proxy": 19192.84375
      },
      {
        "crop_loss": 0.0,
        "crop_term": 0.0,
        "depth_margin_proxy": 0.11788195371627808,
        "depth_slope_proxy": 0.0,
        "elapsed_s": 29.75490112499938,
        "grad_norm": 0.14380016922950745,
        "loss": 0.13837145268917084,
        "lr": 0.01,
        "model_reg": 2.444832944092923e-06,
        "multiscale_loss": 0.0,
        "multiscale_term": 0.0,
        "projected_reg": 0.002532938728109002,
        "recon_loss": 0.13583606481552124,
        "sequence_consistency_loss": 0.0,
        "sequence_consistency_term": 0.0,
        "step": 370,
        "tile_load_proxy": 18140.646484375
      },
      {
        "crop_loss": 0.0,
        "crop_term": 0.0,
        "depth_margin_proxy": 0.1130937859416008,
        "depth_slope_proxy": 0.0,
        "elapsed_s": 30.558032625000124,
        "grad_norm": 0.20412598550319672,
        "loss": 0.15112519264221191,
        "lr": 0.01,
        "model_reg": 2.420892315058154e-06,
        "multiscale_loss": 0.0,
        "multiscale_term": 0.0,
        "projected_reg": 0.002286281669512391,
        "recon_loss": 0.14883649349212646,
        "sequence_consistency_loss": 0.0,
        "sequence_consistency_term": 0.0,
        "step": 380,
        "tile_load_proxy": 17584.318359375
      },
      {
        "crop_loss": 0.0,
        "crop_term": 0.0,
        "depth_margin_proxy": 0.10760670900344849,
        "depth_slope_proxy": 0.0,
        "elapsed_s": 31.2728013750002,
        "grad_norm": 0.14133067429065704,
        "loss": 0.14822834730148315,
        "lr": 0.01,
        "model_reg": 2.3931202122184914e-06,
        "multiscale_loss": 0.0,
        "multiscale_term": 0.0,
        "projected_reg": 0.001250159228220582,
        "recon_loss": 0.1469757854938507,
        "sequence_consistency_loss": 0.0,
        "sequence_consistency_term": 0.0,
        "step": 390,
        "tile_load_proxy": 14826.736328125
      },
      {
        "crop_loss": 0.0,
        "crop_term": 0.0,
        "depth_margin_proxy": 0.12643057107925415,
        "depth_slope_proxy": 0.0,
        "elapsed_s": 32.014965624999604,
        "grad_norm": 0.09522821009159088,
        "loss": 0.11220874637365341,
        "lr": 0.01,
        "model_reg": 2.3942138795973733e-06,
        "multiscale_loss": 0.0,
        "multiscale_term": 0.0,
        "projected_reg": 0.0016691419295966625,
        "recon_loss": 0.11053721606731415,
        "sequence_consistency_loss": 0.0,
        "sequence_consistency_term": 0.0,
        "step": 400,
        "tile_load_proxy": 16043.6689453125
      },
      {
        "crop_loss": 0.0,
        "crop_term": 0.0,
        "depth_margin_proxy": 0.09839093685150146,
        "depth_slope_proxy": 0.0,
        "elapsed_s": 32.78896937499849,
        "grad_norm": 0.12906447052955627,
        "loss": 0.12246184051036835,
        "lr": 0.01,
        "model_reg": 2.3950153718033107e-06,
        "multiscale_loss": 0.0,
        "multiscale_term": 0.0,
        "projected_reg": 0.0013846319634467363,
        "recon_loss": 0.12107481807470322,
        "sequence_consistency_loss": 0.0,
        "sequence_consistency_term": 0.0,
        "step": 410,
        "tile_load_proxy": 15236.9267578125
      },
      {
        "crop_loss": 0.0,
        "crop_term": 0.0,
        "depth_margin_proxy": 0.12111879885196686,
        "depth_slope_proxy": 0.0,
        "elapsed_s": 33.52165370900002,
        "grad_norm": 0.1100027933716774,
        "loss": 0.12627558410167694,
        "lr": 0.01,
        "model_reg": 2.3758357201586477e-06,
        "multiscale_loss": 0.0,
        "multiscale_term": 0.0,
        "projected_reg": 0.001779920537956059,
        "recon_loss": 0.12449329346418381,
        "sequence_consistency_loss": 0.0,
        "sequence_consistency_term": 0.0,
        "step": 420,
        "tile_load_proxy": 16338.9560546875
      },
      {
        "crop_loss": 0.0,
        "crop_term": 0.0,
        "depth_margin_proxy": 0.10481100529432297,
        "depth_slope_proxy": 0.0,
        "elapsed_s": 34.24651366699982,
        "grad_norm": 0.08217266947031021,
        "loss": 0.1182979941368103,
        "lr": 0.01,
        "model_reg": 2.390044755884446e-06,
        "multiscale_loss": 0.0,
        "multiscale_term": 0.0,
        "projected_reg": 0.002266613533720374,
        "recon_loss": 0.11602898687124252,
        "sequence_consistency_loss": 0.0,
        "sequence_consistency_term": 0.0,
        "step": 430,
        "tile_load_proxy": 17538.693359375
      },
      {
        "crop_loss": 0.0,
        "crop_term": 0.0,
        "depth_margin_proxy": 0.10929349809885025,
        "depth_slope_proxy": 0.0,
        "elapsed_s": 34.96749658399858,
        "grad_norm": 0.14748461544513702,
        "loss": 0.14560116827487946,
        "lr": 0.01,
        "model_reg": 2.381947069807211e-06,
        "multiscale_loss": 0.0,
        "multiscale_term": 0.0,
        "projected_reg": 0.0024451971985399723,
        "recon_loss": 0.1431535929441452,
        "sequence_consistency_loss": 0.0,
        "sequence_consistency_term": 0.0,
        "step": 440,
        "tile_load_proxy": 17945.98828125
      },
      {
        "crop_loss": 0.0,
        "crop_term": 0.0,
        "depth_margin_proxy": 0.12849433720111847,
        "depth_slope_proxy": 0.0,
        "elapsed_s": 35.688230042000214,
        "grad_norm": 0.13588711619377136,
        "loss": 0.12653014063835144,
        "lr": 0.01,
        "model_reg": 2.389205974395736e-06,
        "multiscale_loss": 0.0,
        "multiscale_term": 0.0,
        "projected_reg": 0.001783555606380105,
        "recon_loss": 0.12474419921636581,
        "sequence_consistency_loss": 0.0,
        "sequence_consistency_term": 0.0,
        "step": 450,
        "tile_load_proxy": 16348.4873046875
      },
      {
        "crop_loss": 0.0,
        "crop_term": 0.0,
        "depth_margin_proxy": 0.11718633025884628,
        "depth_slope_proxy": 0.0,
        "elapsed_s": 36.43025570899954,
        "grad_norm": 0.15474741160869598,
        "loss": 0.12595532834529877,
        "lr": 0.01,
        "model_reg": 2.4155770006473176e-06,
        "multiscale_loss": 0.0,
        "multiscale_term": 0.0,
        "projected_reg": 0.0023322387132793665,
        "recon_loss": 0.12362067401409149,
        "sequence_consistency_loss": 0.0,
        "sequence_consistency_term": 0.0,
        "step": 460,
        "tile_load_proxy": 17690.16796875
      },
      {
        "crop_loss": 0.0,
        "crop_term": 0.0,
        "depth_margin_proxy": 0.10631410032510757,
        "depth_slope_proxy": 0.0,
        "elapsed_s": 37.242478541998935,
        "grad_norm": 0.2016320824623108,
        "loss": 0.12951473891735077,
        "lr": 0.01,
        "model_reg": 2.409668013569899e-06,
        "multiscale_loss": 0.0,
        "multiscale_term": 0.0,
        "projected_reg": 0.0018520515877753496,
        "recon_loss": 0.12766027450561523,
        "sequence_consistency_loss": 0.0,
        "sequence_consistency_term": 0.0,
        "step": 470,
        "tile_load_proxy": 16526.306640625
      },
      {
        "crop_loss": 0.0,
        "crop_term": 0.0,
        "depth_margin_proxy": 0.10298547148704529,
        "depth_slope_proxy": 0.0,
        "elapsed_s": 38.14934862500013,
        "grad_norm": 0.15899719297885895,
        "loss": 0.1563519388437271,
        "lr": 0.01,
        "model_reg": 2.4064313492999645e-06,
        "multiscale_loss": 0.0,
        "multiscale_term": 0.0,
        "projected_reg": 0.0014878211077302694,
        "recon_loss": 0.154861718416214,
        "sequence_consistency_loss": 0.0,
        "sequence_consistency_term": 0.0,
        "step": 480,
        "tile_load_proxy": 15538.3388671875
      },
      {
        "crop_loss": 0.0,
        "crop_term": 0.0,
        "depth_margin_proxy": 0.0995505079627037,
        "depth_slope_proxy": 0.0,
        "elapsed_s": 39.056774958999085,
        "grad_norm": 0.21524882316589355,
        "loss": 0.14408177137374878,
        "lr": 0.01,
        "model_reg": 2.4045159534580307e-06,
        "multiscale_loss": 0.0,
        "multiscale_term": 0.0,
        "projected_reg": 0.0017753272550180554,
        "recon_loss": 0.14230404794216156,
        "sequence_consistency_loss": 0.0,
        "sequence_consistency_term": 0.0,
        "step": 490,
        "tile_load_proxy": 16326.8984375
      },
      {
        "crop_loss": 0.0,
        "crop_term": 0.0,
        "depth_margin_proxy": 0.12199246138334274,
        "depth_slope_proxy": 0.0,
        "elapsed_s": 39.95725624999977,
        "grad_norm": 0.11078871786594391,
        "loss": 0.10657061636447906,
        "lr": 0.01,
        "model_reg": 2.4102673705783673e-06,
        "multiscale_loss": 0.0,
        "multiscale_term": 0.0,
        "projected_reg": 0.0018652870785444975,
        "recon_loss": 0.1047029122710228,
        "sequence_consistency_loss": 0.0,
        "sequence_consistency_term": 0.0,
        "step": 500,
        "tile_load_proxy": 16560.28515625
      },
      {
        "crop_loss": 0.0,
        "crop_term": 0.0,
        "depth_margin_proxy": 0.09218686074018478,
        "depth_slope_proxy": 0.0,
        "elapsed_s": 40.761193958998774,
        "grad_norm": 0.20890653133392334,
        "loss": 0.14665141701698303,
        "lr": 0.0005,
        "model_reg": 2.4112468963721767e-06,
        "multiscale_loss": 0.0,
        "multiscale_term": 0.0,
        "projected_reg": 0.001411464880220592,
        "recon_loss": 0.145237535238266,
        "sequence_consistency_loss": 0.0,
        "sequence_consistency_term": 0.0,
        "step": 510,
        "tile_load_proxy": 15316.3564453125
      },
      {
        "crop_loss": 0.0,
        "crop_term": 0.0,
        "depth_margin_proxy": 0.09061629325151443,
        "depth_slope_proxy": 0.0,
        "elapsed_s": 41.575795916998686,
        "grad_norm": 0.23997485637664795,
        "loss": 0.14308211207389832,
        "lr": 0.0005,
        "model_reg": 2.408098907835665e-06,
        "multiscale_loss": 0.0,
        "multiscale_term": 0.0,
        "projected_reg": 0.001301448093727231,
        "recon_loss": 0.14177824556827545,
        "sequence_consistency_loss": 0.0,
        "sequence_consistency_term": 0.0,
        "step": 520,
        "tile_load_proxy": 14985.671875
      },
      {
        "crop_loss": 0.0,
        "crop_term": 0.0,
        "depth_margin_proxy": 0.12723901867866516,
        "depth_slope_proxy": 0.0,
        "elapsed_s": 42.48323687499942,
        "grad_norm": 0.09750330448150635,
        "loss": 0.11294256150722504,
        "lr": 0.0005,
        "model_reg": 2.4050195861491375e-06,
        "multiscale_loss": 0.0,
        "multiscale_term": 0.0,
        "projected_reg": 0.0016880438197404146,
        "recon_loss": 0.11125211417675018,
        "sequence_consistency_loss": 0.0,
        "sequence_consistency_term": 0.0,
        "step": 530,
        "tile_load_proxy": 16094.7314453125
      },
      {
        "crop_loss": 0.0,
        "crop_term": 0.0,
        "depth_margin_proxy": 0.12763634324073792,
        "depth_slope_proxy": 0.0,
        "elapsed_s": 43.38105616699977,
        "grad_norm": 0.08942988514900208,
        "loss": 0.10704321414232254,
        "lr": 0.0005,
        "model_reg": 2.401970050414093e-06,
        "multiscale_loss": 0.0,
        "multiscale_term": 0.0,
        "projected_reg": 0.0016246393788605928,
        "recon_loss": 0.1054161787033081,
        "sequence_consistency_loss": 0.0,
        "sequence_consistency_term": 0.0,
        "step": 540,
        "tile_load_proxy": 15922.2939453125
      },
      {
        "crop_loss": 0.0,
        "crop_term": 0.0,
        "depth_margin_proxy": 0.08682341873645782,
        "depth_slope_proxy": 0.0,
        "elapsed_s": 44.30319474999851,
        "grad_norm": 0.1670442521572113,
        "loss": 0.13668395578861237,
        "lr": 0.0005,
        "model_reg": 2.3985437564988388e-06,
        "multiscale_loss": 0.0,
        "multiscale_term": 0.0,
        "projected_reg": 0.0010855825385078788,
        "recon_loss": 0.13559597730636597,
        "sequence_consistency_loss": 0.0,
        "sequence_consistency_term": 0.0,
        "step": 550,
        "tile_load_proxy": 14293.390625
      },
      {
        "crop_loss": 0.0,
        "crop_term": 0.0,
        "depth_margin_proxy": 0.129579097032547,
        "depth_slope_proxy": 0.0,
        "elapsed_s": 45.20151979199909,
        "grad_norm": 0.06685114651918411,
        "loss": 0.10078544169664383,
        "lr": 0.0005,
        "model_reg": 2.3961952138051856e-06,
        "multiscale_loss": 0.0,
        "multiscale_term": 0.0,
        "projected_reg": 0.0015080051962286234,
        "recon_loss": 0.09927503764629364,
        "sequence_consistency_loss": 0.0,
        "sequence_consistency_term": 0.0,
        "step": 560,
        "tile_load_proxy": 15596.060546875
      },
      {
        "crop_loss": 0.0,
        "crop_term": 0.0,
        "depth_margin_proxy": 0.08610734343528748,
        "depth_slope_proxy": 0.0,
        "elapsed_s": 46.062651541999,
        "grad_norm": 0.12921109795570374,
        "loss": 0.1316644251346588,
        "lr": 0.0005,
        "model_reg": 2.3945185603224672e-06,
        "multiscale_loss": 0.0,
        "multiscale_term": 0.0,
        "projected_reg": 0.0010220565600320697,
        "recon_loss": 0.1306399703025818,
        "sequence_consistency_loss": 0.0,
        "sequence_consistency_term": 0.0,
        "step": 570,
        "tile_load_proxy": 14076.7763671875
      },
      {
        "crop_loss": 0.0,
        "crop_term": 0.0,
        "depth_margin_proxy": 0.08657953143119812,
        "depth_slope_proxy": 0.0,
        "elapsed_s": 46.94043262499872,
        "grad_norm": 0.13177275657653809,
        "loss": 0.1345798522233963,
        "lr": 0.0005,
        "model_reg": 2.392224814684596e-06,
        "multiscale_loss": 0.0,
        "multiscale_term": 0.0,
        "projected_reg": 0.0010025008814409375,
        "recon_loss": 0.1335749477148056,
        "sequence_consistency_loss": 0.0,
        "sequence_consistency_term": 0.0,
        "step": 580,
        "tile_load_proxy": 14008.748046875
      },
      {
        "crop_loss": 0.0,
        "crop_term": 0.0,
        "depth_margin_proxy": 0.08686050027608871,
        "depth_slope_proxy": 0.0,
        "elapsed_s": 47.81912699999884,
        "grad_norm": 0.1662379950284958,
        "loss": 0.131944477558136,
        "lr": 0.0005,
        "model_reg": 2.3901070562715176e-06,
        "multiscale_loss": 0.0,
        "multiscale_term": 0.0,
        "projected_reg": 0.000986748724244535,
        "recon_loss": 0.13095533847808838,
        "sequence_consistency_loss": 0.0,
        "sequence_consistency_term": 0.0,
        "step": 590,
        "tile_load_proxy": 13953.4658203125
      },
      {
        "crop_loss": 0.0,
        "crop_term": 0.0,
        "depth_margin_proxy": 0.14367108047008514,
        "depth_slope_proxy": 0.0,
        "elapsed_s": 48.638493249998646,
        "grad_norm": 0.06820576637983322,
        "loss": 0.10461287200450897,
        "lr": 0.0005,
        "model_reg": 2.3886263988970313e-06,
        "multiscale_loss": 0.0,
        "multiscale_term": 0.0,
        "projected_reg": 0.0014032032340765,
        "recon_loss": 0.10320727527141571,
        "sequence_consistency_loss": 0.0,
        "sequence_consistency_term": 0.0,
        "step": 600,
        "tile_load_proxy": 15291.9814453125
      }
    ],
    "loss_scope": "temporal_window",
    "lr": 0.01,
    "lr_decay_factor": 0.05,
    "lr_decay_step": 500,
    "metal_stats": {
      "rows": [
        {
          "camera": "camera_0006",
          "split": "train",
          "stats": {
            "effective_pair_ratio_after_unstable_fallback": 2.4093283048386196,
            "forward_wall_clock_ms": 68.17850000152248,
            "max_rgb_error": null,
            "max_tile_count": 86,
            "mean_rgb_error": null,
            "mean_tile_count": 45.494049072265625,
            "metal_buffer_memory": 135004160,
            "overflow_tile_count": 0,
            "pair_ratio": 2.4093283048386196,
            "stable_tile_fraction": 1.0,
            "summed_per_frame_tile_splat_pairs": 1237481,
            "unstable_tile_fraction": 0.0,
            "uvt_tile_tube_pairs": 2981498
          }
        },
        {
          "camera": "camera_0014",
          "split": "train",
          "stats": {
            "effective_pair_ratio_after_unstable_fallback": 2.7868366656300876,
            "forward_wall_clock_ms": 63.52150000020629,
            "max_rgb_error": null,
            "max_tile_count": 92,
            "mean_rgb_error": null,
            "mean_tile_count": 48.81756591796875,
            "metal_buffer_memory": 135004160,
            "overflow_tile_count": 0,
            "pair_ratio": 2.7868366656300876,
            "stable_tile_fraction": 1.0,
            "summed_per_frame_tile_splat_pairs": 1148007,
            "unstable_tile_fraction": 0.0,
            "uvt_tile_tube_pairs": 3199308
          }
        },
        {
          "camera": "camera_0005",
          "split": "heldout",
          "stats": {
            "effective_pair_ratio_after_unstable_fallback": 2.6718321315027547,
            "forward_wall_clock_ms": 66.11137499930919,
            "max_rgb_error": null,
            "max_tile_count": 91,
            "mean_rgb_error": null,
            "mean_tile_count": 49.97328186035156,
            "metal_buffer_memory": 135004160,
            "overflow_tile_count": 0,
            "pair_ratio": 2.6718321315027547,
            "stable_tile_fraction": 1.0,
            "summed_per_frame_tile_splat_pairs": 1225769,
            "unstable_tile_fraction": 0.0,
            "uvt_tile_tube_pairs": 3275049
          }
        }
      ]
    },
    "metrics": {
      "eval_heldout_render_only_elapsed_s": 0.058769583998582675,
      "eval_l1": 0.1255028434097767,
      "eval_mse": 0.02509483601897955,
      "eval_psnr": 16.0900239944458,
      "eval_render_elapsed_s": 0.5578754589987511,
      "eval_render_max_sequence_s": 0.08284637500037206,
      "eval_render_mean_sequence_s": 0.06579043099918636,
      "eval_render_only_elapsed_s": 0.19737129299755907,
      "eval_render_sequence_count": 3,
      "eval_ssim": 0.36239610612392426,
      "eval_train_render_only_elapsed_s": 0.1386017089989764,
      "heldout_eval_l1": 0.15723523497581482,
      "heldout_eval_mse": 0.0432610921561718,
      "heldout_eval_psnr": 13.639025688171387,
      "heldout_eval_ssim": 0.31775152683258057
    },
    "min_lambda_t": 1e-05,
    "min_precision_xy": 1e-05,
    "multiscale_loss_factor": 4,
    "multiscale_loss_weight": 0.0,
    "optimizer_frame_indices": [
      0,
      1,
      2,
      3,
      4,
      5,
      6,
      7,
      8,
      9,
      10,
      11,
      12,
      13,
      14,
      15
    ],
    "optimizer_train_view_indices": [
      0,
      1
    ],
    "optimizer_train_views": "all",
    "optimizer_train_views_arg": "all",
    "position_reg": 1e-06,
    "render_backend": "metal_tile",
    "select_checkpoint": "first_train_psnr_gain_drop",
    "select_train_psnr_gain_drop": 0.02,
    "select_train_psnr_plateau_delta": 0.5,
    "select_train_psnr_plateau_patience": 1,
    "select_train_view_gap_collapse": 0.7,
    "select_train_view_gap_max": 1.2,
    "select_train_view_index": 1,
    "sequence_consistency_every_steps": 0,
    "sequence_consistency_frames": 0,
    "sequence_consistency_weight": 0.0,
    "steps": 600,
    "stopped_reason": null,
    "stopped_step": null,
    "tile_capacity": 256,
    "tile_load_reg": 0.001,
    "tile_load_target": 7000.0,
    "tile_t": 1,
    "tile_x": 8,
    "tile_y": 8,
    "train_loop_elapsed_s": 48.69962937499986,
    "train_schedule": "reshuffled_cycle",
    "tube_count": 320,
    "validation_frame_indices": [],
    "validation_frame_offset": 1,
    "validation_frame_stride": 0,
    "velocity_reg": 0.0001,
    "window_frames": 1
  },
  "star_uvt_selected": {
    "metal_stats": {
      "rows": [
        {
          "camera": "camera_0006",
          "split": "train",
          "stats": {
            "effective_pair_ratio_after_unstable_fallback": 2.4093283048386196,
            "forward_wall_clock_ms": 59.45425000027171,
            "max_rgb_error": null,
            "max_tile_count": 86,
            "mean_rgb_error": null,
            "mean_tile_count": 45.494049072265625,
            "metal_buffer_memory": 135004160,
            "overflow_tile_count": 0,
            "pair_ratio": 2.4093283048386196,
            "stable_tile_fraction": 1.0,
            "summed_per_frame_tile_splat_pairs": 1237481,
            "unstable_tile_fraction": 0.0,
            "uvt_tile_tube_pairs": 2981498
          }
        },
        {
          "camera": "camera_0014",
          "split": "train",
          "stats": {
            "effective_pair_ratio_after_unstable_fallback": 2.7868366656300876,
            "forward_wall_clock_ms": 69.16812500094238,
            "max_rgb_error": null,
            "max_tile_count": 92,
            "mean_rgb_error": null,
            "mean_tile_count": 48.81756591796875,
            "metal_buffer_memory": 135004160,
            "overflow_tile_count": 0,
            "pair_ratio": 2.7868366656300876,
            "stable_tile_fraction": 1.0,
            "summed_per_frame_tile_splat_pairs": 1148007,
            "unstable_tile_fraction": 0.0,
            "uvt_tile_tube_pairs": 3199308
          }
        },
        {
          "camera": "camera_0005",
          "split": "heldout",
          "stats": {
            "effective_pair_ratio_after_unstable_fallback": 2.6718321315027547,
            "forward_wall_clock_ms": 65.2330829998391,
            "max_rgb_error": null,
            "max_tile_count": 91,
            "mean_rgb_error": null,
            "mean_tile_count": 49.97328186035156,
            "metal_buffer_memory": 135004160,
            "overflow_tile_count": 0,
            "pair_ratio": 2.6718321315027547,
            "stable_tile_fraction": 1.0,
            "summed_per_frame_tile_splat_pairs": 1225769,
            "unstable_tile_fraction": 0.0,
            "uvt_tile_tube_pairs": 3275049
          }
        }
      ]
    },
    "metrics": {
      "eval_heldout_render_only_elapsed_s": 0.0674434590000601,
      "eval_l1": 0.11755470559000969,
      "eval_mse": 0.02509483601897955,
      "eval_psnr": 16.0900239944458,
      "eval_render_elapsed_s": 0.5611750419993768,
      "eval_render_max_sequence_s": 0.0674434590000601,
      "eval_render_mean_sequence_s": 0.06477311133373102,
      "eval_render_only_elapsed_s": 0.19431933400119306,
      "eval_render_sequence_count": 3,
      "eval_ssim": 0.36239610612392426,
      "eval_train_render_only_elapsed_s": 0.12687587500113295,
      "heldout_eval_l1": 0.15723523497581482,
      "heldout_eval_mse": 0.0432610921561718,
      "heldout_eval_psnr": 13.639025688171387,
      "heldout_eval_ssim": 0.31775152683258057
    },
    "selected_elapsed_s": 48.638493249998646,
    "selected_step": 600,
    "selection_detail": {
      "fallback": "no_gain_drop_after_low_gain_before_final_checkpoint",
      "train_psnr_gain_drop": 0.02,
      "train_psnr_low_gain_delta": 0.5
    },
    "selection_metric": "eval_psnr_gain_drop_after_low_gain",
    "selector": "first_train_psnr_gain_drop",
    "uses_heldout_for_selection": false
  }
}
Wrote STAR-UVT multicam heldout comparison to /Users/nicholasbardy/git/gsplats_browser/dynaworld/third_party/fast-mac-gsplat/variants/star_uvt_v0/research_project/benchmarks/results/mcam512_s0_t320_reshuffled_cycle_fixed600_gain
