{
  "free_dynamic_splats": null,
  "meta": {
    "baseline_config": "/Users/nicholasbardy/git/gsplats_browser/dynaworld/src/train_configs/local_mac_multicam_deepview_3cam_train2_test1_vjepa_full_relpose_features_F32_256_16f_8192splats_goodset_train0006_0014_holdout0005_alphaab_alpha1_128.jsonc",
    "device": "mps",
    "heldout_cameras": [
      "camera_0005"
    ],
    "heldout_lens_models": [
      "opencv_fisheye"
    ],
    "max_frames": 16,
    "pose_source": "deepview_models_relative_opencv_fisheye",
    "reference_vjepa_f32_256_16f_alpha1_128": {
      "heldout_eval_psnr": 13.6248,
      "source": "dynaworld/BASELINES.md",
      "train_psnr": 19.4875,
      "wall_clock": "18m00s train loop; 18m22s W&B runtime"
    },
    "seed": 1,
    "skip_splats": true,
    "splat_camera_projection": "legacy_pinhole",
    "target_size": 512,
    "train_cameras": [
      "camera_0006",
      "camera_0014"
    ],
    "train_lens_models": [
      "opencv_fisheye",
      "opencv_fisheye"
    ],
    "train_seconds": 999.0,
    "uvt_camera_projection": "dataset_lens"
  },
  "star_uvt": {
    "camera_projection": "dataset_lens",
    "checkpoint_curve": {
      "best_by_heldout_psnr": {
        "elapsed_s": 46.38118008299898,
        "eval_heldout_render_only_elapsed_s": 0.06190079100088042,
        "eval_l1": 0.11635160446166992,
        "eval_psnr": 16.19002103805542,
        "eval_render_only_elapsed_s": 0.190393999002481,
        "heldout_eval_l1": 0.1546933948993683,
        "heldout_eval_psnr": 13.894740104675293,
        "step": 600,
        "train_dev_frame_eval_l1": null,
        "train_dev_frame_eval_psnr": null,
        "train_fit_frame_eval_l1": null,
        "train_fit_frame_eval_psnr": null,
        "train_min_view_eval_psnr": 15.941752433776855,
        "train_view_eval_l1": [
          0.11501546204090118,
          0.11768774688243866
        ],
        "train_view_eval_psnr": [
          16.438289642333984,
          15.941752433776855
        ],
        "train_view_eval_psnr_gap": 0.4965372085571289
      },
      "best_by_min_train_view_psnr": {
        "elapsed_s": 46.38118008299898,
        "eval_heldout_render_only_elapsed_s": 0.06190079100088042,
        "eval_l1": 0.11635160446166992,
        "eval_psnr": 16.19002103805542,
        "eval_render_only_elapsed_s": 0.190393999002481,
        "heldout_eval_l1": 0.1546933948993683,
        "heldout_eval_psnr": 13.894740104675293,
        "step": 600,
        "train_dev_frame_eval_l1": null,
        "train_dev_frame_eval_psnr": null,
        "train_fit_frame_eval_l1": null,
        "train_fit_frame_eval_psnr": null,
        "train_min_view_eval_psnr": 15.941752433776855,
        "train_view_eval_l1": [
          0.11501546204090118,
          0.11768774688243866
        ],
        "train_view_eval_psnr": [
          16.438289642333984,
          15.941752433776855
        ],
        "train_view_eval_psnr_gap": 0.4965372085571289
      },
      "best_by_train_dev_frame_psnr": null,
      "best_by_train_psnr": {
        "elapsed_s": 46.38118008299898,
        "eval_heldout_render_only_elapsed_s": 0.06190079100088042,
        "eval_l1": 0.11635160446166992,
        "eval_psnr": 16.19002103805542,
        "eval_render_only_elapsed_s": 0.190393999002481,
        "heldout_eval_l1": 0.1546933948993683,
        "heldout_eval_psnr": 13.894740104675293,
        "step": 600,
        "train_dev_frame_eval_l1": null,
        "train_dev_frame_eval_psnr": null,
        "train_fit_frame_eval_l1": null,
        "train_fit_frame_eval_psnr": null,
        "train_min_view_eval_psnr": 15.941752433776855,
        "train_view_eval_l1": [
          0.11501546204090118,
          0.11768774688243866
        ],
        "train_view_eval_psnr": [
          16.438289642333984,
          15.941752433776855
        ],
        "train_view_eval_psnr_gap": 0.4965372085571289
      },
      "rows": [
        {
          "elapsed_s": 5.783054207999157,
          "eval_heldout_render_only_elapsed_s": 0.06246379199910734,
          "eval_l1": 0.24088086932897568,
          "eval_psnr": 10.096858024597168,
          "eval_render_only_elapsed_s": 0.17687841799852322,
          "heldout_eval_l1": 0.24705228209495544,
          "heldout_eval_psnr": 10.020194053649902,
          "step": 100,
          "train_dev_frame_eval_l1": null,
          "train_dev_frame_eval_psnr": null,
          "train_fit_frame_eval_l1": null,
          "train_fit_frame_eval_psnr": null,
          "train_min_view_eval_psnr": 9.561582565307617,
          "train_view_eval_l1": [
            0.2359585016965866,
            0.24580323696136475
          ],
          "train_view_eval_psnr": [
            10.632133483886719,
            9.561582565307617
          ],
          "train_view_eval_psnr_gap": 1.0705509185791016
        },
        {
          "elapsed_s": 13.26065995799945,
          "eval_heldout_render_only_elapsed_s": 0.0638081670003885,
          "eval_l1": 0.1614035815000534,
          "eval_psnr": 13.159665584564209,
          "eval_render_only_elapsed_s": 0.18766470900118293,
          "heldout_eval_l1": 0.1731390357017517,
          "heldout_eval_psnr": 12.512412071228027,
          "step": 200,
          "train_dev_frame_eval_l1": null,
          "train_dev_frame_eval_psnr": null,
          "train_fit_frame_eval_l1": null,
          "train_fit_frame_eval_psnr": null,
          "train_min_view_eval_psnr": 11.947906494140625,
          "train_view_eval_l1": [
            0.1429111361503601,
            0.1798960268497467
          ],
          "train_view_eval_psnr": [
            14.371424674987793,
            11.947906494140625
          ],
          "train_view_eval_psnr_gap": 2.423518180847168
        },
        {
          "elapsed_s": 21.499494166999284,
          "eval_heldout_render_only_elapsed_s": 0.06496891599999799,
          "eval_l1": 0.13768326491117477,
          "eval_psnr": 14.734473705291748,
          "eval_render_only_elapsed_s": 0.19088837500021327,
          "heldout_eval_l1": 0.15897008776664734,
          "heldout_eval_psnr": 13.4273042678833,
          "step": 300,
          "train_dev_frame_eval_l1": null,
          "train_dev_frame_eval_psnr": null,
          "train_fit_frame_eval_l1": null,
          "train_fit_frame_eval_psnr": null,
          "train_min_view_eval_psnr": 13.970475196838379,
          "train_view_eval_l1": [
            0.1291971504688263,
            0.14616937935352325
          ],
          "train_view_eval_psnr": [
            15.498472213745117,
            13.970475196838379
          ],
          "train_view_eval_psnr_gap": 1.5279970169067383
        },
        {
          "elapsed_s": 29.93795370800035,
          "eval_heldout_render_only_elapsed_s": 0.059887708999667666,
          "eval_l1": 0.1261582039296627,
          "eval_psnr": 15.501099586486816,
          "eval_render_only_elapsed_s": 0.18242933399960748,
          "heldout_eval_l1": 0.1558891385793686,
          "heldout_eval_psnr": 13.665578842163086,
          "step": 400,
          "train_dev_frame_eval_l1": null,
          "train_dev_frame_eval_psnr": null,
          "train_fit_frame_eval_l1": null,
          "train_fit_frame_eval_psnr": null,
          "train_min_view_eval_psnr": 14.809417724609375,
          "train_view_eval_l1": [
            0.11858000606298447,
            0.13373640179634094
          ],
          "train_view_eval_psnr": [
            16.192781448364258,
            14.809417724609375
          ],
          "train_view_eval_psnr_gap": 1.3833637237548828
        },
        {
          "elapsed_s": 37.806001291999564,
          "eval_heldout_render_only_elapsed_s": 0.06055804100105888,
          "eval_l1": 0.1221485510468483,
          "eval_psnr": 15.796250343322754,
          "eval_render_only_elapsed_s": 0.187277623999762,
          "heldout_eval_l1": 0.15511322021484375,
          "heldout_eval_psnr": 13.888057708740234,
          "step": 500,
          "train_dev_frame_eval_l1": null,
          "train_dev_frame_eval_psnr": null,
          "train_fit_frame_eval_l1": null,
          "train_fit_frame_eval_psnr": null,
          "train_min_view_eval_psnr": 15.509332656860352,
          "train_view_eval_l1": [
            0.1207132339477539,
            0.12358386814594269
          ],
          "train_view_eval_psnr": [
            16.083168029785156,
            15.509332656860352
          ],
          "train_view_eval_psnr_gap": 0.5738353729248047
        },
        {
          "elapsed_s": 46.38118008299898,
          "eval_heldout_render_only_elapsed_s": 0.06190079100088042,
          "eval_l1": 0.11635160446166992,
          "eval_psnr": 16.19002103805542,
          "eval_render_only_elapsed_s": 0.190393999002481,
          "heldout_eval_l1": 0.1546933948993683,
          "heldout_eval_psnr": 13.894740104675293,
          "step": 600,
          "train_dev_frame_eval_l1": null,
          "train_dev_frame_eval_psnr": null,
          "train_fit_frame_eval_l1": null,
          "train_fit_frame_eval_psnr": null,
          "train_min_view_eval_psnr": 15.941752433776855,
          "train_view_eval_l1": [
            0.11501546204090118,
            0.11768774688243866
          ],
          "train_view_eval_psnr": [
            16.438289642333984,
            15.941752433776855
          ],
          "train_view_eval_psnr_gap": 0.4965372085571289
        }
      ]
    },
    "checkpoint_every_steps": 100,
    "crop_loss_size": 128,
    "crop_loss_weight": 0.0,
    "depth_margin": 0.05,
    "depth_margin_reg": 0.0,
    "depth_slope_reg": 0.05,
    "depth_velocity_reg": 0.0,
    "init_frames": "all",
    "init_lambda_t": 0.35,
    "init_opacity": 0.35,
    "init_precision_xy": 30.0,
    "init_sampling": "grid",
    "init_views": "all_train",
    "logs": [
      {
        "crop_loss": 0.0,
        "crop_term": 0.0,
        "depth_margin_proxy": 0.9907208681106567,
        "depth_slope_proxy": 0.0,
        "elapsed_s": 0.2631751669996447,
        "grad_norm": 0.007587247993797064,
        "loss": 0.3436729609966278,
        "lr": 0.01,
        "model_reg": 2.954450792458374e-06,
        "multiscale_loss": 0.0,
        "multiscale_term": 0.0,
        "projected_reg": 0.0,
        "recon_loss": 0.3436700105667114,
        "sequence_consistency_loss": 0.0,
        "sequence_consistency_term": 0.0,
        "step": 1,
        "tile_load_proxy": 1881.384521484375
      },
      {
        "crop_loss": 0.0,
        "crop_term": 0.0,
        "depth_margin_proxy": 0.7885713577270508,
        "depth_slope_proxy": 0.0,
        "elapsed_s": 0.8456007080003474,
        "grad_norm": 0.012051715515553951,
        "loss": 0.34419336915016174,
        "lr": 0.01,
        "model_reg": 3.0551479994755937e-06,
        "multiscale_loss": 0.0,
        "multiscale_term": 0.0,
        "projected_reg": 0.0,
        "recon_loss": 0.3441902995109558,
        "sequence_consistency_loss": 0.0,
        "sequence_consistency_term": 0.0,
        "step": 10,
        "tile_load_proxy": 2537.37744140625
      },
      {
        "crop_loss": 0.0,
        "crop_term": 0.0,
        "depth_margin_proxy": 0.6210492849349976,
        "depth_slope_proxy": 0.0,
        "elapsed_s": 1.3982784580002772,
        "grad_norm": 0.01359543576836586,
        "loss": 0.3432422876358032,
        "lr": 0.01,
        "model_reg": 3.4704519293882186e-06,
        "multiscale_loss": 0.0,
        "multiscale_term": 0.0,
        "projected_reg": 0.0,
        "recon_loss": 0.34323883056640625,
        "sequence_consistency_loss": 0.0,
        "sequence_consistency_term": 0.0,
        "step": 20,
        "tile_load_proxy": 4192.8876953125
      },
      {
        "crop_loss": 0.0,
        "crop_term": 0.0,
        "depth_margin_proxy": 0.5157111883163452,
        "depth_slope_proxy": 0.0,
        "elapsed_s": 1.8672155829990515,
        "grad_norm": 0.017341958358883858,
        "loss": 0.31975558400154114,
        "lr": 0.01,
        "model_reg": 3.978568202001043e-06,
        "multiscale_loss": 0.0,
        "multiscale_term": 0.0,
        "projected_reg": 0.0,
        "recon_loss": 0.3197516202926636,
        "sequence_consistency_loss": 0.0,
        "sequence_consistency_term": 0.0,
        "step": 30,
        "tile_load_proxy": 6361.79931640625
      },
      {
        "crop_loss": 0.0,
        "crop_term": 0.0,
        "depth_margin_proxy": 0.4244518578052521,
        "depth_slope_proxy": 0.0,
        "elapsed_s": 2.4187723329996516,
        "grad_norm": 0.020391905680298805,
        "loss": 0.30785244703292847,
        "lr": 0.01,
        "model_reg": 4.369324415165465e-06,
        "multiscale_loss": 0.0,
        "multiscale_term": 0.0,
        "projected_reg": 9.218772174790502e-05,
        "recon_loss": 0.30775588750839233,
        "sequence_consistency_loss": 0.0,
        "sequence_consistency_term": 0.0,
        "step": 40,
        "tile_load_proxy": 9125.3701171875
      },
      {
        "crop_loss": 0.0,
        "crop_term": 0.0,
        "depth_margin_proxy": 0.3712735176086426,
        "depth_slope_proxy": 0.0,
        "elapsed_s": 2.915133999998943,
        "grad_norm": 0.020628919824957848,
        "loss": 0.2952783405780792,
        "lr": 0.01,
        "model_reg": 4.5767028495902196e-06,
        "multiscale_loss": 0.0,
        "multiscale_term": 0.0,
        "projected_reg": 0.0002809619763866067,
        "recon_loss": 0.2949927747249603,
        "sequence_consistency_loss": 0.0,
        "sequence_consistency_term": 0.0,
        "step": 50,
        "tile_load_proxy": 10710.4091796875
      },
      {
        "crop_loss": 0.0,
        "crop_term": 0.0,
        "depth_margin_proxy": 0.29683661460876465,
        "depth_slope_proxy": 0.0,
        "elapsed_s": 3.41071304199977,
        "grad_norm": 0.027588695287704468,
        "loss": 0.2881263792514801,
        "lr": 0.01,
        "model_reg": 4.551432539301459e-06,
        "multiscale_loss": 0.0,
        "multiscale_term": 0.0,
        "projected_reg": 0.0005862141260877252,
        "recon_loss": 0.2875356078147888,
        "sequence_consistency_loss": 0.0,
        "sequence_consistency_term": 0.0,
        "step": 60,
        "tile_load_proxy": 12359.5234375
      },
      {
        "crop_loss": 0.0,
        "crop_term": 0.0,
        "depth_margin_proxy": 0.2721601724624634,
        "depth_slope_proxy": 0.0,
        "elapsed_s": 3.948834667000483,
        "grad_norm": 0.03368580713868141,
        "loss": 0.27386733889579773,
        "lr": 0.01,
        "model_reg": 4.488372724154033e-06,
        "multiscale_loss": 0.0,
        "multiscale_term": 0.0,
        "projected_reg": 0.0008645580965094268,
        "recon_loss": 0.27299827337265015,
        "sequence_consistency_loss": 0.0,
        "sequence_consistency_term": 0.0,
        "step": 70,
        "tile_load_proxy": 13508.712890625
      },
      {
        "crop_loss": 0.0,
        "crop_term": 0.0,
        "depth_margin_proxy": 0.30281463265419006,
        "depth_slope_proxy": 0.0,
        "elapsed_s": 4.475514457999452,
        "grad_norm": 0.03541625663638115,
        "loss": 0.2611159086227417,
        "lr": 0.01,
        "model_reg": 4.366060693428153e-06,
        "multiscale_loss": 0.0,
        "multiscale_term": 0.0,
        "projected_reg": 0.0010631611803546548,
        "recon_loss": 0.26004835963249207,
        "sequence_consistency_loss": 0.0,
        "sequence_consistency_term": 0.0,
        "step": 80,
        "tile_load_proxy": 14217.6796875
      },
      {
        "crop_loss": 0.0,
        "crop_term": 0.0,
        "depth_margin_proxy": 0.2844511866569519,
        "depth_slope_proxy": 0.0,
        "elapsed_s": 5.120191166999575,
        "grad_norm": 0.039774514734745026,
        "loss": 0.25190266966819763,
        "lr": 0.01,
        "model_reg": 4.225940301694209e-06,
        "multiscale_loss": 0.0,
        "multiscale_term": 0.0,
        "projected_reg": 0.0015073207905516028,
        "recon_loss": 0.2503911256790161,
        "sequence_consistency_loss": 0.0,
        "sequence_consistency_term": 0.0,
        "step": 90,
        "tile_load_proxy": 15594.109375
      },
      {
        "crop_loss": 0.0,
        "crop_term": 0.0,
        "depth_margin_proxy": 0.2777032256126404,
        "depth_slope_proxy": 0.0,
        "elapsed_s": 5.783054207999157,
        "grad_norm": 0.03561805933713913,
        "loss": 0.26150253415107727,
        "lr": 0.01,
        "model_reg": 4.007157258456573e-06,
        "multiscale_loss": 0.0,
        "multiscale_term": 0.0,
        "projected_reg": 0.0017181278672069311,
        "recon_loss": 0.2597804069519043,
        "sequence_consistency_loss": 0.0,
        "sequence_consistency_term": 0.0,
        "step": 100,
        "tile_load_proxy": 16175.416015625
      },
      {
        "crop_loss": 0.0,
        "crop_term": 0.0,
        "depth_margin_proxy": 0.26133254170417786,
        "depth_slope_proxy": 0.0,
        "elapsed_s": 6.49692770799993,
        "grad_norm": 0.06671154499053955,
        "loss": 0.2232353240251541,
        "lr": 0.01,
        "model_reg": 3.7997556319169234e-06,
        "multiscale_loss": 0.0,
        "multiscale_term": 0.0,
        "projected_reg": 0.0020252452231943607,
        "recon_loss": 0.22120627760887146,
        "sequence_consistency_loss": 0.0,
        "sequence_consistency_term": 0.0,
        "step": 110,
        "tile_load_proxy": 16961.77734375
      },
      {
        "crop_loss": 0.0,
        "crop_term": 0.0,
        "depth_margin_proxy": 0.20514684915542603,
        "depth_slope_proxy": 0.0,
        "elapsed_s": 7.169799582999985,
        "grad_norm": 0.05882113426923752,
        "loss": 0.21658606827259064,
        "lr": 0.01,
        "model_reg": 3.667962118925061e-06,
        "multiscale_loss": 0.0,
        "multiscale_term": 0.0,
        "projected_reg": 0.0025946071837097406,
        "recon_loss": 0.213987797498703,
        "sequence_consistency_loss": 0.0,
        "sequence_consistency_term": 0.0,
        "step": 120,
        "tile_load_proxy": 18275.44921875
      },
      {
        "crop_loss": 0.0,
        "crop_term": 0.0,
        "depth_margin_proxy": 0.21503889560699463,
        "depth_slope_proxy": 0.0,
        "elapsed_s": 7.894261792000179,
        "grad_norm": 0.05590559169650078,
        "loss": 0.20724312961101532,
        "lr": 0.01,
        "model_reg": 3.60414560418576e-06,
        "multiscale_loss": 0.0,
        "multiscale_term": 0.0,
        "projected_reg": 0.003899351926520467,
        "recon_loss": 0.20334017276763916,
        "sequence_consistency_loss": 0.0,
        "sequence_consistency_term": 0.0,
        "step": 130,
        "tile_load_proxy": 20822.744140625
      },
      {
        "crop_loss": 0.0,
        "crop_term": 0.0,
        "depth_margin_proxy": 0.18521717190742493,
        "depth_slope_proxy": 0.0,
        "elapsed_s": 8.571297541999229,
        "grad_norm": 0.08201061934232712,
        "loss": 0.2373475730419159,
        "lr": 0.01,
        "model_reg": 3.478831331449328e-06,
        "multiscale_loss": 0.0,
        "multiscale_term": 0.0,
        "projected_reg": 0.004436641000211239,
        "recon_loss": 0.2329074591398239,
        "sequence_consistency_loss": 0.0,
        "sequence_consistency_term": 0.0,
        "step": 140,
        "tile_load_proxy": 21744.333984375
      },
      {
        "crop_loss": 0.0,
        "crop_term": 0.0,
        "depth_margin_proxy": 0.11603350937366486,
        "depth_slope_proxy": 0.0,
        "elapsed_s": 9.399200750000091,
        "grad_norm": 0.08343424648046494,
        "loss": 0.1905076950788498,
        "lr": 0.01,
        "model_reg": 3.3219453143829014e-06,
        "multiscale_loss": 0.0,
        "multiscale_term": 0.0,
        "projected_reg": 0.004064460750669241,
        "recon_loss": 0.18643991649150848,
        "sequence_consistency_loss": 0.0,
        "sequence_consistency_term": 0.0,
        "step": 150,
        "tile_load_proxy": 21112.35546875
      },
      {
        "crop_loss": 0.0,
        "crop_term": 0.0,
        "depth_margin_proxy": 0.15038011968135834,
        "depth_slope_proxy": 0.0,
        "elapsed_s": 10.17470695799966,
        "grad_norm": 0.08535353094339371,
        "loss": 0.20930393040180206,
        "lr": 0.01,
        "model_reg": 3.236601514799986e-06,
        "multiscale_loss": 0.0,
        "multiscale_term": 0.0,
        "projected_reg": 0.003760232124477625,
        "recon_loss": 0.2055404633283615,
        "sequence_consistency_loss": 0.0,
        "sequence_consistency_term": 0.0,
        "step": 160,
        "tile_load_proxy": 20573.921875
      },
      {
        "crop_loss": 0.0,
        "crop_term": 0.0,
        "depth_margin_proxy": 0.15985609591007233,
        "depth_slope_proxy": 0.0,
        "elapsed_s": 11.011609125000177,
        "grad_norm": 0.07802008837461472,
        "loss": 0.23421813547611237,
        "lr": 0.01,
        "model_reg": 3.181234887961182e-06,
        "multiscale_loss": 0.0,
        "multiscale_term": 0.0,
        "projected_reg": 0.00371175492182374,
        "recon_loss": 0.23050320148468018,
        "sequence_consistency_loss": 0.0,
        "sequence_consistency_term": 0.0,
        "step": 170,
        "tile_load_proxy": 20486.140625
      },
      {
        "crop_loss": 0.0,
        "crop_term": 0.0,
        "depth_margin_proxy": 0.14926975965499878,
        "depth_slope_proxy": 0.0,
        "elapsed_s": 11.749042583000119,
        "grad_norm": 0.08110662549734116,
        "loss": 0.18710127472877502,
        "lr": 0.01,
        "model_reg": 3.0496789804601576e-06,
        "multiscale_loss": 0.0,
        "multiscale_term": 0.0,
        "projected_reg": 0.002668338594958186,
        "recon_loss": 0.18442988395690918,
        "sequence_consistency_loss": 0.0,
        "sequence_consistency_term": 0.0,
        "step": 180,
        "tile_load_proxy": 18434.53515625
      },
      {
        "crop_loss": 0.0,
        "crop_term": 0.0,
        "depth_margin_proxy": 0.20589518547058105,
        "depth_slope_proxy": 0.0,
        "elapsed_s": 12.507411958000375,
        "grad_norm": 0.09599991887807846,
        "loss": 0.19176813960075378,
        "lr": 0.01,
        "model_reg": 2.984692628160701e-06,
        "multiscale_loss": 0.0,
        "multiscale_term": 0.0,
        "projected_reg": 0.0022006994113326073,
        "recon_loss": 0.18956446647644043,
        "sequence_consistency_loss": 0.0,
        "sequence_consistency_term": 0.0,
        "step": 190,
        "tile_load_proxy": 17384.328125
      },
      {
        "crop_loss": 0.0,
        "crop_term": 0.0,
        "depth_margin_proxy": 0.1601598560810089,
        "depth_slope_proxy": 0.0,
        "elapsed_s": 13.26065995799945,
        "grad_norm": 0.12310494482517242,
        "loss": 0.14599348604679108,
        "lr": 0.01,
        "model_reg": 2.96829171020363e-06,
        "multiscale_loss": 0.0,
        "multiscale_term": 0.0,
        "projected_reg": 0.005301228724420071,
        "recon_loss": 0.14068929851055145,
        "sequence_consistency_loss": 0.0,
        "sequence_consistency_term": 0.0,
        "step": 200,
        "tile_load_proxy": 23117.078125
      },
      {
        "crop_loss": 0.0,
        "crop_term": 0.0,
        "depth_margin_proxy": 0.21557871997356415,
        "depth_slope_proxy": 0.0,
        "elapsed_s": 14.0518681249996,
        "grad_norm": 0.11445420980453491,
        "loss": 0.15747928619384766,
        "lr": 0.01,
        "model_reg": 2.9608295335492585e-06,
        "multiscale_loss": 0.0,
        "multiscale_term": 0.0,
        "projected_reg": 0.006056704558432102,
        "recon_loss": 0.15141960978507996,
        "sequence_consistency_loss": 0.0,
        "sequence_consistency_term": 0.0,
        "step": 210,
        "tile_load_proxy": 24227.259765625
      },
      {
        "crop_loss": 0.0,
        "crop_term": 0.0,
        "depth_margin_proxy": 0.2201530486345291,
        "depth_slope_proxy": 0.0,
        "elapsed_s": 14.83650708300047,
        "grad_norm": 0.08690739423036575,
        "loss": 0.14028289914131165,
        "lr": 0.01,
        "model_reg": 2.8869046673207777e-06,
        "multiscale_loss": 0.0,
        "multiscale_term": 0.0,
        "projected_reg": 0.005270140245556831,
        "recon_loss": 0.13500986993312836,
        "sequence_consistency_loss": 0.0,
        "sequence_consistency_term": 0.0,
        "step": 220,
        "tile_load_proxy": 23069.75
      },
      {
        "crop_loss": 0.0,
        "crop_term": 0.0,
        "depth_margin_proxy": 0.19173134863376617,
        "depth_slope_proxy": 0.0,
        "elapsed_s": 15.617673167000248,
        "grad_norm": 0.06338520348072052,
        "loss": 0.13618774712085724,
        "lr": 0.01,
        "model_reg": 2.8127822133683367e-06,
        "multiscale_loss": 0.0,
        "multiscale_term": 0.0,
        "projected_reg": 0.004286979790776968,
        "recon_loss": 0.1318979561328888,
        "sequence_consistency_loss": 0.0,
        "sequence_consistency_term": 0.0,
        "step": 230,
        "tile_load_proxy": 21493.515625
      },
      {
        "crop_loss": 0.0,
        "crop_term": 0.0,
        "depth_margin_proxy": 0.12175589054822922,
        "depth_slope_proxy": 0.0,
        "elapsed_s": 16.426614916999824,
        "grad_norm": 0.12256042659282684,
        "loss": 0.16645735502243042,
        "lr": 0.01,
        "model_reg": 2.7654664336296264e-06,
        "multiscale_loss": 0.0,
        "multiscale_term": 0.0,
        "projected_reg": 0.0020503769628703594,
        "recon_loss": 0.16440421342849731,
        "sequence_consistency_loss": 0.0,
        "sequence_consistency_term": 0.0,
        "step": 240,
        "tile_load_proxy": 17023.396484375
      },
      {
        "crop_loss": 0.0,
        "crop_term": 0.0,
        "depth_margin_proxy": 0.19351579248905182,
        "depth_slope_proxy": 0.0,
        "elapsed_s": 17.2337178329999,
        "grad_norm": 0.07366392761468887,
        "loss": 0.1423250138759613,
        "lr": 0.01,
        "model_reg": 2.7377964215702377e-06,
        "multiscale_loss": 0.0,
        "multiscale_term": 0.0,
        "projected_reg": 0.005377046763896942,
        "recon_loss": 0.1369452178478241,
        "sequence_consistency_loss": 0.0,
        "sequence_consistency_term": 0.0,
        "step": 250,
        "tile_load_proxy": 23231.921875
      },
      {
        "crop_loss": 0.0,
        "crop_term": 0.0,
        "depth_margin_proxy": 0.16640062630176544,
        "depth_slope_proxy": 0.0,
        "elapsed_s": 18.00804079199952,
        "grad_norm": 0.11576902121305466,
        "loss": 0.199876606464386,
        "lr": 0.01,
        "model_reg": 2.7199805572308833e-06,
        "multiscale_loss": 0.0,
        "multiscale_term": 0.0,
        "projected_reg": 0.002645938890054822,
        "recon_loss": 0.19722793996334076,
        "sequence_consistency_loss": 0.0,
        "sequence_consistency_term": 0.0,
        "step": 260,
        "tile_load_proxy": 18386.439453125
      },
      {
        "crop_loss": 0.0,
        "crop_term": 0.0,
        "depth_margin_proxy": 0.1169876977801323,
        "depth_slope_proxy": 0.0,
        "elapsed_s": 18.849746042000334,
        "grad_norm": 0.1508493274450302,
        "loss": 0.1701478809118271,
        "lr": 0.01,
        "model_reg": 2.686055267986376e-06,
        "multiscale_loss": 0.0,
        "multiscale_term": 0.0,
        "projected_reg": 0.0021577610168606043,
        "recon_loss": 0.16798743605613708,
        "sequence_consistency_loss": 0.0,
        "sequence_consistency_term": 0.0,
        "step": 270,
        "tile_load_proxy": 17282.5234375
      },
      {
        "crop_loss": 0.0,
        "crop_term": 0.0,
        "depth_margin_proxy": 0.14107978343963623,
        "depth_slope_proxy": 0.0,
        "elapsed_s": 19.742691499999637,
        "grad_norm": 0.155460387468338,
        "loss": 0.16098780930042267,
        "lr": 0.01,
        "model_reg": 2.6827478905033786e-06,
        "multiscale_loss": 0.0,
        "multiscale_term": 0.0,
        "projected_reg": 0.0026854523457586765,
        "recon_loss": 0.15829966962337494,
        "sequence_consistency_loss": 0.0,
        "sequence_consistency_term": 0.0,
        "step": 280,
        "tile_load_proxy": 18471.14453125
      },
      {
        "crop_loss": 0.0,
        "crop_term": 0.0,
        "depth_margin_proxy": 0.14766594767570496,
        "depth_slope_proxy": 0.0,
        "elapsed_s": 20.662248999999065,
        "grad_norm": 0.1276233196258545,
        "loss": 0.14953570067882538,
        "lr": 0.01,
        "model_reg": 2.653825276865973e-06,
        "multiscale_loss": 0.0,
        "multiscale_term": 0.0,
        "projected_reg": 0.0023955004289746284,
        "recon_loss": 0.14713755249977112,
        "sequence_consistency_loss": 0.0,
        "sequence_consistency_term": 0.0,
        "step": 290,
        "tile_load_proxy": 17834.18359375
      },
      {
        "crop_loss": 0.0,
        "crop_term": 0.0,
        "depth_margin_proxy": 0.14121116697788239,
        "depth_slope_proxy": 0.0,
        "elapsed_s": 21.499494166999284,
        "grad_norm": 0.09455107152462006,
        "loss": 0.1374998688697815,
        "lr": 0.01,
        "model_reg": 2.6461307243152987e-06,
        "multiscale_loss": 0.0,
        "multiscale_term": 0.0,
        "projected_reg": 0.0021822634153068066,
        "recon_loss": 0.1353149563074112,
        "sequence_consistency_loss": 0.0,
        "sequence_consistency_term": 0.0,
        "step": 300,
        "tile_load_proxy": 17340.740234375
      },
      {
        "crop_loss": 0.0,
        "crop_term": 0.0,
        "depth_margin_proxy": 0.1687421202659607,
        "depth_slope_proxy": 0.0,
        "elapsed_s": 22.276556082999377,
        "grad_norm": 0.07155628502368927,
        "loss": 0.12177061289548874,
        "lr": 0.01,
        "model_reg": 2.618957296363078e-06,
        "multiscale_loss": 0.0,
        "multiscale_term": 0.0,
        "projected_reg": 0.003082695184275508,
        "recon_loss": 0.1186852976679802,
        "sequence_consistency_loss": 0.0,
        "sequence_consistency_term": 0.0,
        "step": 310,
        "tile_load_proxy": 19290.32421875
      },
      {
        "crop_loss": 0.0,
        "crop_term": 0.0,
        "depth_margin_proxy": 0.15312717854976654,
        "depth_slope_proxy": 0.0,
        "elapsed_s": 23.04337737499918,
        "grad_norm": 0.14739513397216797,
        "loss": 0.16591481864452362,
        "lr": 0.01,
        "model_reg": 2.5815791104832897e-06,
        "multiscale_loss": 0.0,
        "multiscale_term": 0.0,
        "projected_reg": 0.0017480507958680391,
        "recon_loss": 0.16416418552398682,
        "sequence_consistency_loss": 0.0,
        "sequence_consistency_term": 0.0,
        "step": 320,
        "tile_load_proxy": 16254.970703125
      },
      {
        "crop_loss": 0.0,
        "crop_term": 0.0,
        "depth_margin_proxy": 0.1602664589881897,
        "depth_slope_proxy": 0.0,
        "elapsed_s": 24.05670008299967,
        "grad_norm": 0.13733428716659546,
        "loss": 0.14534999430179596,
        "lr": 0.01,
        "model_reg": 2.569239768490661e-06,
        "multiscale_loss": 0.0,
        "multiscale_term": 0.0,
        "projected_reg": 0.001654248684644699,
        "recon_loss": 0.14369317889213562,
        "sequence_consistency_loss": 0.0,
        "sequence_consistency_term": 0.0,
        "step": 330,
        "tile_load_proxy": 16003.2314453125
      },
      {
        "crop_loss": 0.0,
        "crop_term": 0.0,
        "depth_margin_proxy": 0.18308623135089874,
        "depth_slope_proxy": 0.0,
        "elapsed_s": 25.140089708000232,
        "grad_norm": 0.18547584116458893,
        "loss": 0.14246173202991486,
        "lr": 0.01,
        "model_reg": 2.5445001483603846e-06,
        "multiscale_loss": 0.0,
        "multiscale_term": 0.0,
        "projected_reg": 0.0016166989225894213,
        "recon_loss": 0.1408424824476242,
        "sequence_consistency_loss": 0.0,
        "sequence_consistency_term": 0.0,
        "step": 340,
        "tile_load_proxy": 15900.462890625
      },
      {
        "crop_loss": 0.0,
        "crop_term": 0.0,
        "depth_margin_proxy": 0.15546134114265442,
        "depth_slope_proxy": 0.0,
        "elapsed_s": 25.940472291998958,
        "grad_norm": 0.1517399698495865,
        "loss": 0.1531142294406891,
        "lr": 0.01,
        "model_reg": 2.5254880711145233e-06,
        "multiscale_loss": 0.0,
        "multiscale_term": 0.0,
        "projected_reg": 0.002585875103250146,
        "recon_loss": 0.15052583813667297,
        "sequence_consistency_loss": 0.0,
        "sequence_consistency_term": 0.0,
        "step": 350,
        "tile_load_proxy": 18256.458984375
      },
      {
        "crop_loss": 0.0,
        "crop_term": 0.0,
        "depth_margin_proxy": 0.20756642520427704,
        "depth_slope_proxy": 0.0,
        "elapsed_s": 26.737167833000058,
        "grad_norm": 0.07094728946685791,
        "loss": 0.11470198631286621,
        "lr": 0.01,
        "model_reg": 2.5029853532032575e-06,
        "multiscale_loss": 0.0,
        "multiscale_term": 0.0,
        "projected_reg": 0.002391915302723646,
        "recon_loss": 0.11230757087469101,
        "sequence_consistency_loss": 0.0,
        "sequence_consistency_term": 0.0,
        "step": 360,
        "tile_load_proxy": 17826.072265625
      },
      {
        "crop_loss": 0.0,
        "crop_term": 0.0,
        "depth_margin_proxy": 0.21439369022846222,
        "depth_slope_proxy": 0.0,
        "elapsed_s": 27.50669983300031,
        "grad_norm": 0.12122654914855957,
        "loss": 0.14560474455356598,
        "lr": 0.01,
        "model_reg": 2.496046363376081e-06,
        "multiscale_loss": 0.0,
        "multiscale_term": 0.0,
        "projected_reg": 0.0018554710550233722,
        "recon_loss": 0.1437467634677887,
        "sequence_consistency_loss": 0.0,
        "sequence_consistency_term": 0.0,
        "step": 370,
        "tile_load_proxy": 16535.09765625
      },
      {
        "crop_loss": 0.0,
        "crop_term": 0.0,
        "depth_margin_proxy": 0.16637210547924042,
        "depth_slope_proxy": 0.0,
        "elapsed_s": 28.30027416700068,
        "grad_norm": 0.13477011024951935,
        "loss": 0.144485205411911,
        "lr": 0.01,
        "model_reg": 2.5131585061899386e-06,
        "multiscale_loss": 0.0,
        "multiscale_term": 0.0,
        "projected_reg": 0.002004156820476055,
        "recon_loss": 0.14247852563858032,
        "sequence_consistency_loss": 0.0,
        "sequence_consistency_term": 0.0,
        "step": 380,
        "tile_load_proxy": 16909.77734375
      },
      {
        "crop_loss": 0.0,
        "crop_term": 0.0,
        "depth_margin_proxy": 0.16620735824108124,
        "depth_slope_proxy": 0.0,
        "elapsed_s": 29.111257667000245,
        "grad_norm": 0.11239984631538391,
        "loss": 0.13546697795391083,
        "lr": 0.01,
        "model_reg": 2.507801127649145e-06,
        "multiscale_loss": 0.0,
        "multiscale_term": 0.0,
        "projected_reg": 0.0015241806395351887,
        "recon_loss": 0.13394029438495636,
        "sequence_consistency_loss": 0.0,
        "sequence_consistency_term": 0.0,
        "step": 390,
        "tile_load_proxy": 15642.0390625
      },
      {
        "crop_loss": 0.0,
        "crop_term": 0.0,
        "depth_margin_proxy": 0.13501261174678802,
        "depth_slope_proxy": 0.0,
        "elapsed_s": 29.93795370800035,
        "grad_norm": 0.2239985316991806,
        "loss": 0.12859892845153809,
        "lr": 0.01,
        "model_reg": 2.50720859185094e-06,
        "multiscale_loss": 0.0,
        "multiscale_term": 0.0,
        "projected_reg": 0.0013084408128634095,
        "recon_loss": 0.12728798389434814,
        "sequence_consistency_loss": 0.0,
        "sequence_consistency_term": 0.0,
        "step": 400,
        "tile_load_proxy": 15007.0966796875
      },
      {
        "crop_loss": 0.0,
        "crop_term": 0.0,
        "depth_margin_proxy": 0.1185978353023529,
        "depth_slope_proxy": 0.0,
        "elapsed_s": 30.68103633300052,
        "grad_norm": 0.10824932157993317,
        "loss": 0.13000670075416565,
        "lr": 0.01,
        "model_reg": 2.517308303140453e-06,
        "multiscale_loss": 0.0,
        "multiscale_term": 0.0,
        "projected_reg": 0.0016119128558784723,
        "recon_loss": 0.1283922642469406,
        "sequence_consistency_loss": 0.0,
        "sequence_consistency_term": 0.0,
        "step": 410,
        "tile_load_proxy": 15887.2783203125
      },
      {
        "crop_loss": 0.0,
        "crop_term": 0.0,
        "depth_margin_proxy": 0.154344379901886,
        "depth_slope_proxy": 0.0,
        "elapsed_s": 31.496524207999755,
        "grad_norm": 0.1872481256723404,
        "loss": 0.125788152217865,
        "lr": 0.01,
        "model_reg": 2.5261151677113958e-06,
        "multiscale_loss": 0.0,
        "multiscale_term": 0.0,
        "projected_reg": 0.0019621364772319794,
        "recon_loss": 0.12382348626852036,
        "sequence_consistency_loss": 0.0,
        "sequence_consistency_term": 0.0,
        "step": 420,
        "tile_load_proxy": 16805.33984375
      },
      {
        "crop_loss": 0.0,
        "crop_term": 0.0,
        "depth_margin_proxy": 0.16322992742061615,
        "depth_slope_proxy": 0.0,
        "elapsed_s": 32.30661204199896,
        "grad_norm": 0.15903519093990326,
        "loss": 0.1187775582075119,
        "lr": 0.01,
        "model_reg": 2.5430197183595737e-06,
        "multiscale_loss": 0.0,
        "multiscale_term": 0.0,
        "projected_reg": 0.0019431475084275007,
        "recon_loss": 0.11683186888694763,
        "sequence_consistency_loss": 0.0,
        "sequence_consistency_term": 0.0,
        "step": 430,
        "tile_load_proxy": 16757.77734375
      },
      {
        "crop_loss": 0.0,
        "crop_term": 0.0,
        "depth_margin_proxy": 0.14386112987995148,
        "depth_slope_proxy": 0.0,
        "elapsed_s": 33.17150941699947,
        "grad_norm": 0.10355377942323685,
        "loss": 0.15731120109558105,
        "lr": 0.01,
        "model_reg": 2.537497493904084e-06,
        "multiscale_loss": 0.0,
        "multiscale_term": 0.0,
        "projected_reg": 0.001560952514410019,
        "recon_loss": 0.15574771165847778,
        "sequence_consistency_loss": 0.0,
        "sequence_consistency_term": 0.0,
        "step": 440,
        "tile_load_proxy": 15745.666015625
      },
      {
        "crop_loss": 0.0,
        "crop_term": 0.0,
        "depth_margin_proxy": 0.18625132739543915,
        "depth_slope_proxy": 0.0,
        "elapsed_s": 33.912009542000305,
        "grad_norm": 0.08342192322015762,
        "loss": 0.12635785341262817,
        "lr": 0.01,
        "model_reg": 2.5266879219998373e-06,
        "multiscale_loss": 0.0,
        "multiscale_term": 0.0,
        "projected_reg": 0.0015099976444616914,
        "recon_loss": 0.12484532594680786,
        "sequence_consistency_loss": 0.0,
        "sequence_consistency_term": 0.0,
        "step": 450,
        "tile_load_proxy": 15601.7373046875
      },
      {
        "crop_loss": 0.0,
        "crop_term": 0.0,
        "depth_margin_proxy": 0.1658451408147812,
        "depth_slope_proxy": 0.0,
        "elapsed_s": 34.52283008300037,
        "grad_norm": 0.15527012944221497,
        "loss": 0.12224509567022324,
        "lr": 0.01,
        "model_reg": 2.512254241082701e-06,
        "multiscale_loss": 0.0,
        "multiscale_term": 0.0,
        "projected_reg": 0.001967507414519787,
        "recon_loss": 0.12027508020401001,
        "sequence_consistency_loss": 0.0,
        "sequence_consistency_term": 0.0,
        "step": 460,
        "tile_load_proxy": 16818.75
      },
      {
        "crop_loss": 0.0,
        "crop_term": 0.0,
        "depth_margin_proxy": 0.19475716352462769,
        "depth_slope_proxy": 0.0,
        "elapsed_s": 35.30709287500031,
        "grad_norm": 0.17335541546344757,
        "loss": 0.1447480022907257,
        "lr": 0.01,
        "model_reg": 2.4852060960256495e-06,
        "multiscale_loss": 0.0,
        "multiscale_term": 0.0,
        "projected_reg": 0.001147193950600922,
        "recon_loss": 0.14359831809997559,
        "sequence_consistency_loss": 0.0,
        "sequence_consistency_term": 0.0,
        "step": 470,
        "tile_load_proxy": 14497.5
      },
      {
        "crop_loss": 0.0,
        "crop_term": 0.0,
        "depth_margin_proxy": 0.20471441745758057,
        "depth_slope_proxy": 0.0,
        "elapsed_s": 36.159355666999545,
        "grad_norm": 0.1463083177804947,
        "loss": 0.1326545625925064,
        "lr": 0.01,
        "model_reg": 2.516430640753242e-06,
        "multiscale_loss": 0.0,
        "multiscale_term": 0.0,
        "projected_reg": 0.0017470490420237184,
        "recon_loss": 0.13090500235557556,
        "sequence_consistency_loss": 0.0,
        "sequence_consistency_term": 0.0,
        "step": 480,
        "tile_load_proxy": 16252.318359375
      },
      {
        "crop_loss": 0.0,
        "crop_term": 0.0,
        "depth_margin_proxy": 0.132271870970726,
        "depth_slope_proxy": 0.0,
        "elapsed_s": 36.993393499999,
        "grad_norm": 0.10689800977706909,
        "loss": 0.11987648159265518,
        "lr": 0.01,
        "model_reg": 2.545143161114538e-06,
        "multiscale_loss": 0.0,
        "multiscale_term": 0.0,
        "projected_reg": 0.00228086207062006,
        "recon_loss": 0.11759307235479355,
        "sequence_consistency_loss": 0.0,
        "sequence_consistency_term": 0.0,
        "step": 490,
        "tile_load_proxy": 17571.765625
      },
      {
        "crop_loss": 0.0,
        "crop_term": 0.0,
        "depth_margin_proxy": 0.09539688378572464,
        "depth_slope_proxy": 0.0,
        "elapsed_s": 37.806001291999564,
        "grad_norm": 0.09184795618057251,
        "loss": 0.11813921481370926,
        "lr": 0.01,
        "model_reg": 2.5315343918919098e-06,
        "multiscale_loss": 0.0,
        "multiscale_term": 0.0,
        "projected_reg": 0.0019238116219639778,
        "recon_loss": 0.1162128672003746,
        "sequence_consistency_loss": 0.0,
        "sequence_consistency_term": 0.0,
        "step": 500,
        "tile_load_proxy": 16709.107421875
      },
      {
        "crop_loss": 0.0,
        "crop_term": 0.0,
        "depth_margin_proxy": 0.1503944993019104,
        "depth_slope_proxy": 0.0,
        "elapsed_s": 38.61489425000036,
        "grad_norm": 0.18623685836791992,
        "loss": 0.11897323280572891,
        "lr": 0.0005,
        "model_reg": 2.5275330699514598e-06,
        "multiscale_loss": 0.0,
        "multiscale_term": 0.0,
        "projected_reg": 0.0015272821765393019,
        "recon_loss": 0.11744342744350433,
        "sequence_consistency_loss": 0.0,
        "sequence_consistency_term": 0.0,
        "step": 510,
        "tile_load_proxy": 15650.828125
      },
      {
        "crop_loss": 0.0,
        "crop_term": 0.0,
        "depth_margin_proxy": 0.1505764126777649,
        "depth_slope_proxy": 0.0,
        "elapsed_s": 39.56941333299983,
        "grad_norm": 0.16338640451431274,
        "loss": 0.11305781453847885,
        "lr": 0.0005,
        "model_reg": 2.5222752810805105e-06,
        "multiscale_loss": 0.0,
        "multiscale_term": 0.0,
        "projected_reg": 0.0014148341724649072,
        "recon_loss": 0.11164045333862305,
        "sequence_consistency_loss": 0.0,
        "sequence_consistency_term": 0.0,
        "step": 520,
        "tile_load_proxy": 15326.2763671875
      },
      {
        "crop_loss": 0.0,
        "crop_term": 0.0,
        "depth_margin_proxy": 0.15098246932029724,
        "depth_slope_proxy": 0.0,
        "elapsed_s": 40.54843437499949,
        "grad_norm": 0.2089487612247467,
        "loss": 0.12004054337739944,
        "lr": 0.0005,
        "model_reg": 2.51843266596552e-06,
        "multiscale_loss": 0.0,
        "multiscale_term": 0.0,
        "projected_reg": 0.0012892752420157194,
        "recon_loss": 0.1187487468123436,
        "sequence_consistency_loss": 0.0,
        "sequence_consistency_term": 0.0,
        "step": 530,
        "tile_load_proxy": 14948.2373046875
      },
      {
        "crop_loss": 0.0,
        "crop_term": 0.0,
        "depth_margin_proxy": 0.15190339088439941,
        "depth_slope_proxy": 0.0,
        "elapsed_s": 41.43126241699974,
        "grad_norm": 0.11510642617940903,
        "loss": 0.12951871752738953,
        "lr": 0.0005,
        "model_reg": 2.5145200197584927e-06,
        "multiscale_loss": 0.0,
        "multiscale_term": 0.0,
        "projected_reg": 0.0012022150913253427,
        "recon_loss": 0.12831398844718933,
        "sequence_consistency_loss": 0.0,
        "sequence_consistency_term": 0.0,
        "step": 540,
        "tile_load_proxy": 14675.189453125
      },
      {
        "crop_loss": 0.0,
        "crop_term": 0.0,
        "depth_margin_proxy": 0.1526557058095932,
        "depth_slope_proxy": 0.0,
        "elapsed_s": 42.216674541999964,
        "grad_norm": 0.12664823234081268,
        "loss": 0.11541328579187393,
        "lr": 0.0005,
        "model_reg": 2.511020966267097e-06,
        "multiscale_loss": 0.0,
        "multiscale_term": 0.0,
        "projected_reg": 0.0011528601171448827,
        "recon_loss": 0.11425791680812836,
        "sequence_consistency_loss": 0.0,
        "sequence_consistency_term": 0.0,
        "step": 550,
        "tile_load_proxy": 14515.9921875
      },
      {
        "crop_loss": 0.0,
        "crop_term": 0.0,
        "depth_margin_proxy": 0.09587513655424118,
        "depth_slope_proxy": 0.0,
        "elapsed_s": 42.96135054200022,
        "grad_norm": 0.06470600515604019,
        "loss": 0.10823503881692886,
        "lr": 0.0005,
        "model_reg": 2.507975978005561e-06,
        "multiscale_loss": 0.0,
        "multiscale_term": 0.0,
        "projected_reg": 0.0015243937959894538,
        "recon_loss": 0.10670813173055649,
        "sequence_consistency_loss": 0.0,
        "sequence_consistency_term": 0.0,
        "step": 560,
        "tile_load_proxy": 15642.6435546875
      },
      {
        "crop_loss": 0.0,
        "crop_term": 0.0,
        "depth_margin_proxy": 0.09574944525957108,
        "depth_slope_proxy": 0.0,
        "elapsed_s": 43.77867333299946,
        "grad_norm": 0.08243124932050705,
        "loss": 0.11232621967792511,
        "lr": 0.0005,
        "model_reg": 2.505712700440199e-06,
        "multiscale_loss": 0.0,
        "multiscale_term": 0.0,
        "projected_reg": 0.001489692134782672,
        "recon_loss": 0.1108340248465538,
        "sequence_consistency_loss": 0.0,
        "sequence_consistency_term": 0.0,
        "step": 570,
        "tile_load_proxy": 15543.7060546875
      },
      {
        "crop_loss": 0.0,
        "crop_term": 0.0,
        "depth_margin_proxy": 0.1552901715040207,
        "depth_slope_proxy": 0.0,
        "elapsed_s": 44.69920195799932,
        "grad_norm": 0.11189363151788712,
        "loss": 0.11156624555587769,
        "lr": 0.0005,
        "model_reg": 2.5036069928319193e-06,
        "multiscale_loss": 0.0,
        "multiscale_term": 0.0,
        "projected_reg": 0.0010348664363846183,
        "recon_loss": 0.11052887886762619,
        "sequence_consistency_loss": 0.0,
        "sequence_consistency_term": 0.0,
        "step": 580,
        "tile_load_proxy": 14120.986328125
      },
      {
        "crop_loss": 0.0,
        "crop_term": 0.0,
        "depth_margin_proxy": 0.09806220978498459,
        "depth_slope_proxy": 0.0,
        "elapsed_s": 45.58683537499928,
        "grad_norm": 0.07089103013277054,
        "loss": 0.11177948862314224,
        "lr": 0.0005,
        "model_reg": 2.502403276594123e-06,
        "multiscale_loss": 0.0,
        "multiscale_term": 0.0,
        "projected_reg": 0.0014435789780691266,
        "recon_loss": 0.1103334054350853,
        "sequence_consistency_loss": 0.0,
        "sequence_consistency_term": 0.0,
        "step": 590,
        "tile_load_proxy": 15410.431640625
      },
      {
        "crop_loss": 0.0,
        "crop_term": 0.0,
        "depth_margin_proxy": 0.09920993447303772,
        "depth_slope_proxy": 0.0,
        "elapsed_s": 46.38118008299898,
        "grad_norm": 0.11983554810285568,
        "loss": 0.11743158102035522,
        "lr": 0.0005,
        "model_reg": 2.5009667297126725e-06,
        "multiscale_loss": 0.0,
        "multiscale_term": 0.0,
        "projected_reg": 0.0014178864657878876,
        "recon_loss": 0.11601118743419647,
        "sequence_consistency_loss": 0.0,
        "sequence_consistency_term": 0.0,
        "step": 600,
        "tile_load_proxy": 15335.2529296875
      }
    ],
    "loss_scope": "temporal_window",
    "lr": 0.01,
    "lr_decay_factor": 0.05,
    "lr_decay_step": 500,
    "metal_stats": {
      "rows": [
        {
          "camera": "camera_0006",
          "split": "train",
          "stats": {
            "effective_pair_ratio_after_unstable_fallback": 2.440963025997495,
            "forward_wall_clock_ms": 68.91079199886008,
            "max_rgb_error": null,
            "max_tile_count": 92,
            "mean_rgb_error": null,
            "mean_tile_count": 50.64100646972656,
            "metal_buffer_memory": 135004160,
            "overflow_tile_count": 0,
            "pair_ratio": 2.440963025997495,
            "stable_tile_fraction": 1.0,
            "summed_per_frame_tile_splat_pairs": 1359631,
            "unstable_tile_fraction": 0.0,
            "uvt_tile_tube_pairs": 3318809
          }
        },
        {
          "camera": "camera_0014",
          "split": "train",
          "stats": {
            "effective_pair_ratio_after_unstable_fallback": 2.6724916167562047,
            "forward_wall_clock_ms": 67.32679199922131,
            "max_rgb_error": null,
            "max_tile_count": 94,
            "mean_rgb_error": null,
            "mean_tile_count": 49.96897888183594,
            "metal_buffer_memory": 135004160,
            "overflow_tile_count": 0,
            "pair_ratio": 2.6724916167562047,
            "stable_tile_fraction": 1.0,
            "summed_per_frame_tile_splat_pairs": 1225361,
            "unstable_tile_fraction": 0.0,
            "uvt_tile_tube_pairs": 3274767
          }
        },
        {
          "camera": "camera_0005",
          "split": "heldout",
          "stats": {
            "effective_pair_ratio_after_unstable_fallback": 2.5949372187860233,
            "forward_wall_clock_ms": 68.96408300053736,
            "max_rgb_error": null,
            "max_tile_count": 98,
            "mean_rgb_error": null,
            "mean_tile_count": 51.11126708984375,
            "metal_buffer_memory": 135004160,
            "overflow_tile_count": 0,
            "pair_ratio": 2.5949372187860233,
            "stable_tile_fraction": 1.0,
            "summed_per_frame_tile_splat_pairs": 1290832,
            "unstable_tile_fraction": 0.0,
            "uvt_tile_tube_pairs": 3349628
          }
        }
      ]
    },
    "metrics": {
      "eval_heldout_render_only_elapsed_s": 0.056227374998343294,
      "eval_l1": 0.12354322522878647,
      "eval_mse": 0.024082808755338192,
      "eval_psnr": 16.19002103805542,
      "eval_render_elapsed_s": 0.482322457999544,
      "eval_render_max_sequence_s": 0.07759462499961955,
      "eval_render_mean_sequence_s": 0.06367715266605956,
      "eval_render_only_elapsed_s": 0.19103145799817867,
      "eval_render_sequence_count": 3,
      "eval_ssim": 0.3670031577348709,
      "eval_train_render_only_elapsed_s": 0.13480408299983537,
      "heldout_eval_l1": 0.1546933948993683,
      "heldout_eval_mse": 0.04078739881515503,
      "heldout_eval_psnr": 13.894740104675293,
      "heldout_eval_ssim": 0.3311913013458252
    },
    "min_lambda_t": 1e-05,
    "min_precision_xy": 1e-05,
    "multiscale_loss_factor": 4,
    "multiscale_loss_weight": 0.0,
    "optimizer_frame_indices": [
      0,
      1,
      2,
      3,
      4,
      5,
      6,
      7,
      8,
      9,
      10,
      11,
      12,
      13,
      14,
      15
    ],
    "optimizer_train_view_indices": [
      0,
      1
    ],
    "optimizer_train_views": "all",
    "optimizer_train_views_arg": "all",
    "position_reg": 1e-06,
    "render_backend": "metal_tile",
    "select_checkpoint": "first_train_psnr_gain_drop",
    "select_train_psnr_gain_drop": 0.02,
    "select_train_psnr_plateau_delta": 0.5,
    "select_train_psnr_plateau_patience": 1,
    "select_train_view_gap_collapse": 0.7,
    "select_train_view_gap_max": 1.2,
    "select_train_view_index": 1,
    "sequence_consistency_every_steps": 0,
    "sequence_consistency_frames": 0,
    "sequence_consistency_weight": 0.0,
    "steps": 600,
    "stopped_reason": null,
    "stopped_step": null,
    "tile_capacity": 256,
    "tile_load_reg": 0.001,
    "tile_load_target": 7000.0,
    "tile_t": 1,
    "tile_x": 8,
    "tile_y": 8,
    "train_loop_elapsed_s": 46.40733333299977,
    "train_schedule": "reshuffled_cycle",
    "tube_count": 320,
    "validation_frame_indices": [],
    "validation_frame_offset": 1,
    "validation_frame_stride": 0,
    "velocity_reg": 0.0001,
    "window_frames": 1
  },
  "star_uvt_selected": {
    "metal_stats": {
      "rows": [
        {
          "camera": "camera_0006",
          "split": "train",
          "stats": {
            "effective_pair_ratio_after_unstable_fallback": 2.440963025997495,
            "forward_wall_clock_ms": 59.20837499979825,
            "max_rgb_error": null,
            "max_tile_count": 92,
            "mean_rgb_error": null,
            "mean_tile_count": 50.64100646972656,
            "metal_buffer_memory": 135004160,
            "overflow_tile_count": 0,
            "pair_ratio": 2.440963025997495,
            "stable_tile_fraction": 1.0,
            "summed_per_frame_tile_splat_pairs": 1359631,
            "unstable_tile_fraction": 0.0,
            "uvt_tile_tube_pairs": 3318809
          }
        },
        {
          "camera": "camera_0014",
          "split": "train",
          "stats": {
            "effective_pair_ratio_after_unstable_fallback": 2.6724916167562047,
            "forward_wall_clock_ms": 65.21779099966807,
            "max_rgb_error": null,
            "max_tile_count": 94,
            "mean_rgb_error": null,
            "mean_tile_count": 49.96897888183594,
            "metal_buffer_memory": 135004160,
            "overflow_tile_count": 0,
            "pair_ratio": 2.6724916167562047,
            "stable_tile_fraction": 1.0,
            "summed_per_frame_tile_splat_pairs": 1225361,
            "unstable_tile_fraction": 0.0,
            "uvt_tile_tube_pairs": 3274767
          }
        },
        {
          "camera": "camera_0005",
          "split": "heldout",
          "stats": {
            "effective_pair_ratio_after_unstable_fallback": 2.5949372187860233,
            "forward_wall_clock_ms": 62.91975000021921,
            "max_rgb_error": null,
            "max_tile_count": 98,
            "mean_rgb_error": null,
            "mean_tile_count": 51.11126708984375,
            "metal_buffer_memory": 135004160,
            "overflow_tile_count": 0,
            "pair_ratio": 2.5949372187860233,
            "stable_tile_fraction": 1.0,
            "summed_per_frame_tile_splat_pairs": 1290832,
            "unstable_tile_fraction": 0.0,
            "uvt_tile_tube_pairs": 3349628
          }
        }
      ]
    },
    "metrics": {
      "eval_heldout_render_only_elapsed_s": 0.06470062500011409,
      "eval_l1": 0.14219284802675247,
      "eval_mse": 0.03245082963258028,
      "eval_psnr": 15.092887878417969,
      "eval_render_elapsed_s": 0.4918441250010801,
      "eval_render_max_sequence_s": 0.06470062500011409,
      "eval_render_mean_sequence_s": 0.060079152666730806,
      "eval_render_only_elapsed_s": 0.18023745800019242,
      "eval_render_sequence_count": 3,
      "eval_ssim": 0.3670031577348709,
      "eval_train_render_only_elapsed_s": 0.11553683300007833,
      "heldout_eval_l1": 0.1546933948993683,
      "heldout_eval_mse": 0.04078739881515503,
      "heldout_eval_psnr": 13.894740104675293,
      "heldout_eval_ssim": 0.3311913013458252
    },
    "selected_elapsed_s": 46.38118008299898,
    "selected_step": 600,
    "selection_detail": {
      "fallback": "no_gain_drop_after_low_gain_before_final_checkpoint",
      "train_psnr_gain_drop": 0.02,
      "train_psnr_low_gain_delta": 0.5
    },
    "selection_metric": "eval_psnr_gain_drop_after_low_gain",
    "selector": "first_train_psnr_gain_drop",
    "uses_heldout_for_selection": false
  }
}
Wrote STAR-UVT multicam heldout comparison to /Users/nicholasbardy/git/gsplats_browser/dynaworld/third_party/fast-mac-gsplat/variants/star_uvt_v0/research_project/benchmarks/results/mcam512_s1_t320_reshuffled_cycle_fixed600_gain
